10-29 12:34:46.487  1539  3231 D ColorResolveInfoHelper: The MIME data type of this intent is camera
10-29 12:34:47.503  1539  1823 D ColorResolveInfoHelper: The MIME data type of this intent is camera
10-29 12:34:48.079 17356 17356 W FileManager::BaseActivity: mChangedReceiver onReceive action = android.intent.action.BATTERY_CHANGED
10-29 12:34:48.079 17356 17356 W FileManager::BaseActivity: mChangedReceiver onReceive action = android.intent.action.BATTERY_CHANGED
10-29 12:34:48.194  2210  2210 D UsbStatusReceiver: onReceive:Intent { act=oppo.intent.action.USB_HW_STATUS flg=0x10 pkg=com.oppo.oppopowermonitor cmp=com.oppo.oppopowermonitor/.badbattery.UsbStatusReceiver (has extras) }
10-29 12:34:48.214 17356 17356 W FileManager::BaseActivity: mChangedReceiver onReceive action = android.intent.action.BATTERY_CHANGED
10-29 12:34:48.214 17356 17356 W FileManager::BaseActivity: mChangedReceiver onReceive action = android.intent.action.BATTERY_CHANGED
10-29 12:34:48.234  1930  1930 V UsbStartReceiver: receive: Intent { act=android.intent.action.ACTION_POWER_CONNECTED flg=0x5000010 cmp=com.android.systemui/com.coloros.systemui.notification.usb.UsbstartReceiver (has extras) }
10-29 12:34:48.331  2826  2826 D BoundBrokerSvc: onRebind: Intent { act=com.google.android.gms.common.telemetry.service.START dat=chimera-action: cmp=com.google.android.gms/.chimera.PersistentApiService }
10-29 12:34:48.349 31584 32679 W ColorExSystemServiceHelper: checkColorExSystemService intent getComponent is null
10-29 12:34:48.350 31584 31584 D BoundBrokerSvc: onBind: Intent { act=com.google.android.gms.common.BIND_SHARED_PREFS pkg=com.google.android.gms }
10-29 12:34:48.350 31584 31584 D BoundBrokerSvc: Loading bound service for intent: Intent { act=com.google.android.gms.common.BIND_SHARED_PREFS pkg=com.google.android.gms }
10-29 12:34:48.385  1539  2582 D Intent  : disableDeathOnFileUriExposure com.facebook.katana
10-29 12:34:48.449  2826  2826 D BoundBrokerSvc: onBind: Intent { act=com.google.android.gms.personalsafety.scanners.BleScheduler.ACTION_TASK_READY dat=chimera-action: cmp=com.google.android.gms/.chimera.PersistentInternalBoundBrokerService }
10-29 12:34:48.449  2826  2826 D BoundBrokerSvc: Loading bound service for intent: Intent { act=com.google.android.gms.personalsafety.scanners.BleScheduler.ACTION_TASK_READY dat=chimera-action: cmp=com.google.android.gms/.chimera.PersistentInternalBoundBrokerService }
10-29 12:34:48.479 31584 16248 I DCU_IntentOperation: (REDACTED) SPE one-time sync %d %s
10-29 12:34:48.482  1930  1930 V UsbStartReceiver: receive: Intent { act=android.hardware.usb.action.USB_STATE flg=0x31100010 cmp=com.android.systemui/com.coloros.systemui.notification.usb.UsbstartReceiver (has extras) }
10-29 12:34:48.506  2826  2826 D BoundBrokerSvc: onUnbind: Intent { act=com.google.android.gms.personalsafety.scanners.BleScheduler.ACTION_TASK_READY dat=chimera-action: cmp=com.google.android.gms/.chimera.PersistentInternalBoundBrokerService }
10-29 12:34:48.506 17436 17436 I MtpReceiver: onReceive, intent = Intent { act=android.hardware.usb.action.USB_STATE flg=0x31100010 cmp=com.android.providers.media/.MtpReceiver (has extras) }
10-29 12:34:48.596 18735 18735 D OppoLFEHelper.PowerReceiver: action : android.intent.action.ACTION_POWER_CONNECTED
10-29 12:34:48.640  1539  2582 D Intent  : disableDeathOnFileUriExposure com.facebook.katana
10-29 12:34:48.667  1930  1930 V UsbStartReceiver: receive: Intent { act=android.hardware.usb.action.USB_STATE flg=0x31100010 cmp=com.android.systemui/com.coloros.systemui.notification.usb.UsbstartReceiver (has extras) }
10-29 12:34:48.669 17436 17436 I MtpReceiver: onReceive, intent = Intent { act=android.hardware.usb.action.USB_STATE flg=0x31100010 cmp=com.android.providers.media/.MtpReceiver (has extras) }
10-29 12:34:48.724 18795 18795 V PowerConnectionReceiver: action : android.intent.action.ACTION_POWER_CONNECTED
10-29 12:34:49.962  1539  2582 D ColorResolveInfoHelper: The MIME data type of this intent is camera
10-29 12:34:50.209 17436 17436 I MtpReceiver: onReceive, intent = Intent { act=android.hardware.usb.action.USB_STATE flg=0x31100010 cmp=com.android.providers.media/.MtpReceiver (has extras) }
10-29 12:34:50.409 17436 17436 I MtpReceiver: onReceive, intent = Intent { act=android.hardware.usb.action.USB_STATE flg=0x31100010 cmp=com.android.providers.media/.MtpReceiver (has extras) }
10-29 12:34:50.421  1930  1930 V UsbStartReceiver: receive: Intent { act=android.hardware.usb.action.USB_STATE flg=0x31100010 cmp=com.android.systemui/com.coloros.systemui.notification.usb.UsbstartReceiver (has extras) }
10-29 12:34:50.468  1930  1930 V UsbStartReceiver: receive: Intent { act=android.hardware.usb.action.USB_STATE flg=0x31100010 cmp=com.android.systemui/com.coloros.systemui.notification.usb.UsbstartReceiver (has extras) }
10-29 12:34:50.769  2178  2178 D Launcher.LauncherClient: LauncherCallbacksImp.onHomeIntent, mOverlay:true, mClient:true, assistShowing:false
10-29 12:34:50.954  2178  2178 D Launcher.ColorWorkspace: getFirstMatchForAppClose: cachedClickedItemInfo = WorkspaceItemInfo(@b6d37d7id=29 type=APP container=hotseat screen=2 cell(2,0) span(1,1) minSpan(1,1) rank=0 user=UserHandle{0} title=Chrome installStateType=-1 installSource=null component=ComponentInfo{com.android.chrome/com.google.android.apps.chrome.Main}, update=false, limit=false, runtime=101000000, status=0 intent=Intent { act=android.intent.action.MAIN cat=[android.intent.category.LAUNCHER] flg=0x10200000 cmp=com.android.chrome/com.google.android.apps.chrome.Main bnds=[438,1860][642,2076] })
10-29 12:34:50.954  2178  2178 D Launcher.ColorWorkspace: ,info = WorkspaceItemInfo(@ffa1171id=28 type=APP container=hotseat screen=0 cell(0,0) span(1,1) minSpan(1,1) rank=0 user=UserHandle{0} title=Messages installStateType=-1 installSource=null component=ComponentInfo{com.android.mms/com.android.mms.ui.ConversationList}, update=false, limit=false, runtime=101000000, status=0 intent=Intent { act=android.intent.action.MAIN cat=[android.intent.category.LAUNCHER] flg=0x10200000 cmp=com.android.mms/.ui.ConversationList })
10-29 12:34:50.954  2178  2178 D Launcher.ColorWorkspace: getFirstMatchForAppClose: cachedClickedItemInfo = WorkspaceItemInfo(@b6d37d7id=29 type=APP container=hotseat screen=2 cell(2,0) span(1,1) minSpan(1,1) rank=0 user=UserHandle{0} title=Chrome installStateType=-1 installSource=null component=ComponentInfo{com.android.chrome/com.google.android.apps.chrome.Main}, update=false, limit=false, runtime=101000000, status=0 intent=Intent { act=android.intent.action.MAIN cat=[android.intent.category.LAUNCHER] flg=0x10200000 cmp=com.android.chrome/com.google.android.apps.chrome.Main bnds=[438,1860][642,2076] })
10-29 12:34:50.954  2178  2178 D Launcher.ColorWorkspace: ,info = WorkspaceItemInfo(@d300b56id=27 type=APP container=hotseat screen=1 cell(1,0) span(1,1) minSpan(1,1) rank=0 user=UserHandle{0} title=Phone installStateType=-1 installSource=null component=ComponentInfo{com.android.contacts/com.android.contacts.DialtactsActivityAlias}, update=false, limit=false, runtime=101000000, status=0 intent=Intent { act=android.intent.action.MAIN cat=[android.intent.category.LAUNCHER] flg=0x10200000 cmp=com.android.contacts/.DialtactsActivityAlias })
10-29 12:34:50.954  2178  2178 D Launcher.ColorWorkspace: getFirstMatchForAppClose: cachedClickedItemInfo = WorkspaceItemInfo(@b6d37d7id=29 type=APP container=hotseat screen=2 cell(2,0) span(1,1) minSpan(1,1) rank=0 user=UserHandle{0} title=Chrome installStateType=-1 installSource=null component=ComponentInfo{com.android.chrome/com.google.android.apps.chrome.Main}, update=false, limit=false, runtime=101000000, status=0 intent=Intent { act=android.intent.action.MAIN cat=[android.intent.category.LAUNCHER] flg=0x10200000 cmp=com.android.chrome/com.google.android.apps.chrome.Main bnds=[438,1860][642,2076] })
10-29 12:34:50.954  2178  2178 D Launcher.ColorWorkspace: ,info = WorkspaceItemInfo(@b6d37d7id=29 type=APP container=hotseat screen=2 cell(2,0) span(1,1) minSpan(1,1) rank=0 user=UserHandle{0} title=Chrome installStateType=-1 installSource=null component=ComponentInfo{com.android.chrome/com.google.android.apps.chrome.Main}, update=false, limit=false, runtime=101000000, status=0 intent=Intent { act=android.intent.action.MAIN cat=[android.intent.category.LAUNCHER] flg=0x10200000 cmp=com.android.chrome/com.google.android.apps.chrome.Main bnds=[438,1860][642,2076] })
10-29 12:34:51.414 15608 16085 D Intent  : disableDeathOnFileUriExposure com.android.chrome
10-29 12:34:54.006 17356 17356 W FileManager::BaseActivity: mChangedReceiver onReceive action = android.intent.action.BATTERY_CHANGED
10-29 12:34:54.007 17356 17356 W FileManager::BaseActivity: mChangedReceiver onReceive action = android.intent.action.BATTERY_CHANGED
10-29 12:35:00.118 17356 17356 W FileManager::BaseActivity: mChangedReceiver onReceive action = android.intent.action.BATTERY_CHANGED
10-29 12:35:00.118 17356 17356 W FileManager::BaseActivity: mChangedReceiver onReceive action = android.intent.action.BATTERY_CHANGED
10-29 12:35:06.003 17356 17356 W FileManager::BaseActivity: mChangedReceiver onReceive action = android.intent.action.BATTERY_CHANGED
10-29 12:35:06.003 17356 17356 W FileManager::BaseActivity: mChangedReceiver onReceive action = android.intent.action.BATTERY_CHANGED
10-29 12:35:11.888 17356 17356 W FileManager::BaseActivity: mChangedReceiver onReceive action = android.intent.action.BATTERY_CHANGED
10-29 12:35:11.889 17356 17356 W FileManager::BaseActivity: mChangedReceiver onReceive action = android.intent.action.BATTERY_CHANGED
10-29 12:35:18.031 17356 17356 W FileManager::BaseActivity: mChangedReceiver onReceive action = android.intent.action.BATTERY_CHANGED
10-29 12:35:18.031 17356 17356 W FileManager::BaseActivity: mChangedReceiver onReceive action = android.intent.action.BATTERY_CHANGED
10-29 12:35:23.923 17356 17356 W FileManager::BaseActivity: mChangedReceiver onReceive action = android.intent.action.BATTERY_CHANGED
10-29 12:35:23.923 17356 17356 W FileManager::BaseActivity: mChangedReceiver onReceive action = android.intent.action.BATTERY_CHANGED
10-29 12:35:30.065 17356 17356 W FileManager::BaseActivity: mChangedReceiver onReceive action = android.intent.action.BATTERY_CHANGED
10-29 12:35:30.065 17356 17356 W FileManager::BaseActivity: mChangedReceiver onReceive action = android.intent.action.BATTERY_CHANGED
10-29 12:35:35.955 17356 17356 W FileManager::BaseActivity: mChangedReceiver onReceive action = android.intent.action.BATTERY_CHANGED
10-29 12:35:35.955 17356 17356 W FileManager::BaseActivity: mChangedReceiver onReceive action = android.intent.action.BATTERY_CHANGED
10-29 12:35:42.102 17356 17356 W FileManager::BaseActivity: mChangedReceiver onReceive action = android.intent.action.BATTERY_CHANGED
10-29 12:35:42.102 17356 17356 W FileManager::BaseActivity: mChangedReceiver onReceive action = android.intent.action.BATTERY_CHANGED
10-29 12:35:47.986 17356 17356 W FileManager::BaseActivity: mChangedReceiver onReceive action = android.intent.action.BATTERY_CHANGED
10-29 12:35:47.987 17356 17356 W FileManager::BaseActivity: mChangedReceiver onReceive action = android.intent.action.BATTERY_CHANGED
10-29 12:35:54.136 17356 17356 W FileManager::BaseActivity: mChangedReceiver onReceive action = android.intent.action.BATTERY_CHANGED
10-29 12:35:54.136 17356 17356 W FileManager::BaseActivity: mChangedReceiver onReceive action = android.intent.action.BATTERY_CHANGED
10-29 12:36:00.014 17356 17356 W FileManager::BaseActivity: mChangedReceiver onReceive action = android.intent.action.BATTERY_CHANGED
10-29 12:36:00.016 17356 17356 W FileManager::BaseActivity: mChangedReceiver onReceive action = android.intent.action.BATTERY_CHANGED
10-29 12:36:03.152  2210  2210 D UsbStatusReceiver: onReceive:Intent { act=oppo.intent.action.USB_HW_STATUS flg=0x10 pkg=com.oppo.oppopowermonitor cmp=com.oppo.oppopowermonitor/.badbattery.UsbStatusReceiver (has extras) }
10-29 12:36:03.175 17356 17356 W FileManager::BaseActivity: mChangedReceiver onReceive action = android.intent.action.BATTERY_CHANGED
10-29 12:36:03.175 17356 17356 W FileManager::BaseActivity: mChangedReceiver onReceive action = android.intent.action.BATTERY_CHANGED
10-29 12:36:03.200 17356 17356 W FileManager::BaseActivity: mChangedReceiver onReceive action = android.intent.action.BATTERY_CHANGED
10-29 12:36:03.201 17356 17356 W FileManager::BaseActivity: mChangedReceiver onReceive action = android.intent.action.BATTERY_CHANGED
10-29 12:36:03.325 17356 17356 W FileManager::BaseActivity: mChangedReceiver onReceive action = android.intent.action.BATTERY_CHANGED
10-29 12:36:03.325 17356 17356 W FileManager::BaseActivity: mChangedReceiver onReceive action = android.intent.action.BATTERY_CHANGED
10-29 12:36:04.647 17356 17356 W FileManager::BaseActivity: mChangedReceiver onReceive action = android.intent.action.BATTERY_CHANGED
10-29 12:36:04.647 17356 17356 W FileManager::BaseActivity: mChangedReceiver onReceive action = android.intent.action.BATTERY_CHANGED
10-29 12:36:04.760  2210  2210 D UsbStatusReceiver: onReceive:Intent { act=oppo.intent.action.USB_HW_STATUS flg=0x10 pkg=com.oppo.oppopowermonitor cmp=com.oppo.oppopowermonitor/.badbattery.UsbStatusReceiver (has extras) }
10-29 12:36:04.781 17356 17356 W FileManager::BaseActivity: mChangedReceiver onReceive action = android.intent.action.BATTERY_CHANGED
10-29 12:36:04.781 17356 17356 W FileManager::BaseActivity: mChangedReceiver onReceive action = android.intent.action.BATTERY_CHANGED
10-29 12:36:04.814 18735 18735 D OppoLFEHelper.PowerReceiver: action : android.intent.action.ACTION_POWER_CONNECTED
10-29 12:36:04.816 18795 18795 V PowerConnectionReceiver: action : android.intent.action.ACTION_POWER_CONNECTED
10-29 12:36:04.820  1930  1930 V UsbStartReceiver: receive: Intent { act=android.intent.action.ACTION_POWER_CONNECTED flg=0x5000010 cmp=com.android.systemui/com.coloros.systemui.notification.usb.UsbstartReceiver (has extras) }
10-29 12:36:04.869  1539  4610 D Intent  : disableDeathOnFileUriExposure com.facebook.katana
10-29 12:36:05.094 17436 17436 I MtpReceiver: onReceive, intent = Intent { act=android.hardware.usb.action.USB_STATE flg=0x31100010 cmp=com.android.providers.media/.MtpReceiver (has extras) }
10-29 12:36:05.121  1930  1930 V UsbStartReceiver: receive: Intent { act=android.hardware.usb.action.USB_STATE flg=0x31100010 cmp=com.android.systemui/com.coloros.systemui.notification.usb.UsbstartReceiver (has extras) }
10-29 12:36:05.218  1930  1930 V UsbStartReceiver: receive: Intent { act=android.hardware.usb.action.USB_STATE flg=0x31100010 cmp=com.android.systemui/com.coloros.systemui.notification.usb.UsbstartReceiver (has extras) }
10-29 12:36:05.224 17436 17436 I MtpReceiver: onReceive, intent = Intent { act=android.hardware.usb.action.USB_STATE flg=0x31100010 cmp=com.android.providers.media/.MtpReceiver (has extras) }
10-29 12:36:07.215  1930  1930 V UsbStartReceiver: receive: Intent { act=android.hardware.usb.action.USB_STATE flg=0x31100010 cmp=com.android.systemui/com.coloros.systemui.notification.usb.UsbstartReceiver (has extras) }
10-29 12:36:07.221 17436 17436 I MtpReceiver: onReceive, intent = Intent { act=android.hardware.usb.action.USB_STATE flg=0x31100010 cmp=com.android.providers.media/.MtpReceiver (has extras) }
10-29 12:36:07.649  1930  1930 V UsbStartReceiver: receive: Intent { act=android.hardware.usb.action.USB_STATE flg=0x31100010 cmp=com.android.systemui/com.coloros.systemui.notification.usb.UsbstartReceiver (has extras) }
10-29 12:36:07.653 17436 17436 I MtpReceiver: onReceive, intent = Intent { act=android.hardware.usb.action.USB_STATE flg=0x31100010 cmp=com.android.providers.media/.MtpReceiver (has extras) }
10-29 12:36:07.784  1930  1930 V UsbStartReceiver: receive: Intent { act=android.hardware.usb.action.USB_STATE flg=0x31100010 cmp=com.android.systemui/com.coloros.systemui.notification.usb.UsbstartReceiver (has extras) }
10-29 12:36:07.785 17436 17436 I MtpReceiver: onReceive, intent = Intent { act=android.hardware.usb.action.USB_STATE flg=0x31100010 cmp=com.android.providers.media/.MtpReceiver (has extras) }
10-29 12:36:08.202  2826  2826 D BoundBrokerSvc: onUnbind: Intent { act=com.google.android.gms.common.telemetry.service.START dat=chimera-action: cmp=com.google.android.gms/.chimera.PersistentApiService }
10-29 12:36:09.695  2826  4150 W ColorExSystemServiceHelper: checkColorExSystemService intent getComponent is null
10-29 12:36:09.701 31584 31584 D BoundBrokerSvc: onBind: Intent { act=com.google.android.gms.semanticlocationhistory.service.START dat=chimera-action: cmp=com.google.android.gms/.chimera.GmsApiService }
10-29 12:36:09.701 31584 31584 D BoundBrokerSvc: Loading bound service for intent: Intent { act=com.google.android.gms.semanticlocationhistory.service.START dat=chimera-action: cmp=com.google.android.gms/.chimera.GmsApiService }
10-29 12:36:11.068 17356 17356 W FileManager::BaseActivity: mChangedReceiver onReceive action = android.intent.action.BATTERY_CHANGED
10-29 12:36:11.069 17356 17356 W FileManager::BaseActivity: mChangedReceiver onReceive action = android.intent.action.BATTERY_CHANGED
10-29 12:36:11.341 31584 31584 D BoundBrokerSvc: onUnbind: Intent { act=com.google.android.gms.chromesync.service.firstparty.START dat=chimera-action: cmp=com.google.android.gms/.chimera.GmsApiService }
10-29 12:36:16.964 17356 17356 W FileManager::BaseActivity: mChangedReceiver onReceive action = android.intent.action.BATTERY_CHANGED
10-29 12:36:16.965 17356 17356 W FileManager::BaseActivity: mChangedReceiver onReceive action = android.intent.action.BATTERY_CHANGED
10-29 12:36:20.213 31584 31584 D BoundBrokerSvc: onUnbind: Intent { act=com.google.android.gms.people.contactssync.service.START dat=chimera-action: cmp=com.google.android.gms/.chimera.GmsBoundBrokerService }
10-29 12:36:23.056 17356 17356 W FileManager::BaseActivity: mChangedReceiver onReceive action = android.intent.action.BATTERY_CHANGED
10-29 12:36:23.056 17356 17356 W FileManager::BaseActivity: mChangedReceiver onReceive action = android.intent.action.BATTERY_CHANGED
10-29 12:36:24.730 31584 31584 D BoundBrokerSvc: onUnbind: Intent { act=com.google.android.gms.semanticlocationhistory.service.START dat=chimera-action: cmp=com.google.android.gms/.chimera.GmsApiService }
10-29 12:36:27.736  2178  2178 D Launcher.ItemClickHandler: onClick, tag = WorkspaceItemInfo(@1e2a248id=86 type=APP container=desktop screen=0 cell(0,2) span(1,1) minSpan(1,1) rank=0 user=UserHandle{0} title=Automate installStateType=-1 installSource=null component=ComponentInfo{com.llamalab.automate/com.llamalab.automate.FlowListActivity}, update=false, limit=false, runtime=110000000, status=0 intent=Intent { act=android.intent.action.MAIN cat=[android.intent.category.LAUNCHER] flg=0x10200000 cmp=com.llamalab.automate/.FlowListActivity bnds=[30,690][234,967] })
10-29 12:36:27.881 30851  5039 W ColorExSystemServiceHelper: checkColorExSystemService intent getComponent is null
10-29 12:36:28.945 17356 17356 W FileManager::BaseActivity: mChangedReceiver onReceive action = android.intent.action.BATTERY_CHANGED
10-29 12:36:28.945 17356 17356 W FileManager::BaseActivity: mChangedReceiver onReceive action = android.intent.action.BATTERY_CHANGED
10-29 12:36:29.643 30851  5039 W ColorExSystemServiceHelper: checkColorExSystemService intent getComponent is null
10-29 12:36:31.667 30851  5039 W ColorExSystemServiceHelper: checkColorExSystemService intent getComponent is null
10-29 12:36:34.226 30851 30955 W ColorExSystemServiceHelper: checkColorExSystemService intent getComponent is null
10-29 12:36:34.589  2826  2826 D BoundBrokerSvc: onRebind: Intent { act=com.google.android.gms.common.telemetry.service.START dat=chimera-action: cmp=com.google.android.gms/.chimera.PersistentApiService }
10-29 12:36:34.622 31584 31584 D BoundBrokerSvc: onBind: Intent { act=com.google.android.gms.chimera.container.moduleinstall.ModuleInstallService.START dat=chimera-action: cmp=com.google.android.gms/.chimera.GmsApiService }
10-29 12:36:34.622 31584 31584 D BoundBrokerSvc: Loading bound service for intent: Intent { act=com.google.android.gms.chimera.container.moduleinstall.ModuleInstallService.START dat=chimera-action: cmp=com.google.android.gms/.chimera.GmsApiService }
10-29 12:36:35.077 17356 17356 W FileManager::BaseActivity: mChangedReceiver onReceive action = android.intent.action.BATTERY_CHANGED
10-29 12:36:35.077 17356 17356 W FileManager::BaseActivity: mChangedReceiver onReceive action = android.intent.action.BATTERY_CHANGED
10-29 12:36:39.661  2826  2826 D BoundBrokerSvc: onUnbind: Intent { act=com.google.android.gms.common.telemetry.service.START dat=chimera-action: cmp=com.google.android.gms/.chimera.PersistentApiService }
10-29 12:36:40.978 17356 17356 W FileManager::BaseActivity: mChangedReceiver onReceive action = android.intent.action.BATTERY_CHANGED
10-29 12:36:40.978 17356 17356 W FileManager::BaseActivity: mChangedReceiver onReceive action = android.intent.action.BATTERY_CHANGED
10-29 12:36:44.056 30851 30955 W ColorExSystemServiceHelper: checkColorExSystemService intent getComponent is null
10-29 12:36:44.333  2826  2826 D BoundBrokerSvc: onRebind: Intent { act=com.google.android.gms.common.telemetry.service.START dat=chimera-action: cmp=com.google.android.gms/.chimera.PersistentApiService }
10-29 12:36:47.120 17356 17356 W FileManager::BaseActivity: mChangedReceiver onReceive action = android.intent.action.BATTERY_CHANGED
10-29 12:36:47.121 17356 17356 W FileManager::BaseActivity: mChangedReceiver onReceive action = android.intent.action.BATTERY_CHANGED
10-29 12:36:49.368  2826  2826 D BoundBrokerSvc: onUnbind: Intent { act=com.google.android.gms.common.telemetry.service.START dat=chimera-action: cmp=com.google.android.gms/.chimera.PersistentApiService }
10-29 12:36:53.007 17356 17356 W FileManager::BaseActivity: mChangedReceiver onReceive action = android.intent.action.BATTERY_CHANGED
10-29 12:36:53.007 17356 17356 W FileManager::BaseActivity: mChangedReceiver onReceive action = android.intent.action.BATTERY_CHANGED
10-29 12:36:58.898 17356 17356 W FileManager::BaseActivity: mChangedReceiver onReceive action = android.intent.action.BATTERY_CHANGED
10-29 12:36:58.898 17356 17356 W FileManager::BaseActivity: mChangedReceiver onReceive action = android.intent.action.BATTERY_CHANGED
10-29 12:37:02.069 30851  5039 W ColorExSystemServiceHelper: checkColorExSystemService intent getComponent is null
10-29 12:37:02.282  2826  2826 D BoundBrokerSvc: onRebind: Intent { act=com.google.android.gms.common.telemetry.service.START dat=chimera-action: cmp=com.google.android.gms/.chimera.PersistentApiService }
10-29 12:37:04.889 31584 31584 D BoundBrokerSvc: onUnbind: Intent { act=com.google.android.gms.common.BIND_SHARED_PREFS pkg=com.google.android.gms }
10-29 12:37:05.039 17356 17356 W FileManager::BaseActivity: mChangedReceiver onReceive action = android.intent.action.BATTERY_CHANGED
10-29 12:37:05.040 17356 17356 W FileManager::BaseActivity: mChangedReceiver onReceive action = android.intent.action.BATTERY_CHANGED
10-29 12:37:07.317  2826  2826 D BoundBrokerSvc: onUnbind: Intent { act=com.google.android.gms.common.telemetry.service.START dat=chimera-action: cmp=com.google.android.gms/.chimera.PersistentApiService }
10-29 12:37:10.928 17356 17356 W FileManager::BaseActivity: mChangedReceiver onReceive action = android.intent.action.BATTERY_CHANGED
10-29 12:37:10.929 17356 17356 W FileManager::BaseActivity: mChangedReceiver onReceive action = android.intent.action.BATTERY_CHANGED
10-29 12:37:12.433 30851  5039 W ColorExSystemServiceHelper: checkColorExSystemService intent getComponent is null
10-29 12:37:12.683  2826  2826 D BoundBrokerSvc: onRebind: Intent { act=com.google.android.gms.common.telemetry.service.START dat=chimera-action: cmp=com.google.android.gms/.chimera.PersistentApiService }
10-29 12:37:17.072 17356 17356 W FileManager::BaseActivity: mChangedReceiver onReceive action = android.intent.action.BATTERY_CHANGED
10-29 12:37:17.072 17356 17356 W FileManager::BaseActivity: mChangedReceiver onReceive action = android.intent.action.BATTERY_CHANGED
10-29 12:37:17.712  2826  2826 D BoundBrokerSvc: onUnbind: Intent { act=com.google.android.gms.common.telemetry.service.START dat=chimera-action: cmp=com.google.android.gms/.chimera.PersistentApiService }
10-29 12:37:22.960 17356 17356 W FileManager::BaseActivity: mChangedReceiver onReceive action = android.intent.action.BATTERY_CHANGED
10-29 12:37:22.961 17356 17356 W FileManager::BaseActivity: mChangedReceiver onReceive action = android.intent.action.BATTERY_CHANGED
10-29 12:37:26.185  2826  2826 D BoundBrokerSvc: onRebind: Intent { act=com.google.android.gms.common.telemetry.service.START dat=chimera-action: cmp=com.google.android.gms/.chimera.PersistentApiService }
10-29 12:37:29.104 17356 17356 W FileManager::BaseActivity: mChangedReceiver onReceive action = android.intent.action.BATTERY_CHANGED
10-29 12:37:29.105 17356 17356 W FileManager::BaseActivity: mChangedReceiver onReceive action = android.intent.action.BATTERY_CHANGED
10-29 12:37:31.210  2826  2826 D BoundBrokerSvc: onUnbind: Intent { act=com.google.android.gms.common.telemetry.service.START dat=chimera-action: cmp=com.google.android.gms/.chimera.PersistentApiService }
10-29 12:37:34.991 17356 17356 W FileManager::BaseActivity: mChangedReceiver onReceive action = android.intent.action.BATTERY_CHANGED
10-29 12:37:34.992 17356 17356 W FileManager::BaseActivity: mChangedReceiver onReceive action = android.intent.action.BATTERY_CHANGED
10-29 12:37:40.879 17356 17356 W FileManager::BaseActivity: mChangedReceiver onReceive action = android.intent.action.BATTERY_CHANGED
10-29 12:37:40.879 17356 17356 W FileManager::BaseActivity: mChangedReceiver onReceive action = android.intent.action.BATTERY_CHANGED
10-29 12:37:47.025 17356 17356 W FileManager::BaseActivity: mChangedReceiver onReceive action = android.intent.action.BATTERY_CHANGED
10-29 12:37:47.026 17356 17356 W FileManager::BaseActivity: mChangedReceiver onReceive action = android.intent.action.BATTERY_CHANGED
10-29 12:37:52.912 17356 17356 W FileManager::BaseActivity: mChangedReceiver onReceive action = android.intent.action.BATTERY_CHANGED
10-29 12:37:52.912 17356 17356 W FileManager::BaseActivity: mChangedReceiver onReceive action = android.intent.action.BATTERY_CHANGED
10-29 12:37:59.059 17356 17356 W FileManager::BaseActivity: mChangedReceiver onReceive action = android.intent.action.BATTERY_CHANGED
10-29 12:37:59.059 17356 17356 W FileManager::BaseActivity: mChangedReceiver onReceive action = android.intent.action.BATTERY_CHANGED
10-29 12:38:04.945 17356 17356 W FileManager::BaseActivity: mChangedReceiver onReceive action = android.intent.action.BATTERY_CHANGED
10-29 12:38:04.945 17356 17356 W FileManager::BaseActivity: mChangedReceiver onReceive action = android.intent.action.BATTERY_CHANGED
10-29 12:38:11.086 17356 17356 W FileManager::BaseActivity: mChangedReceiver onReceive action = android.intent.action.BATTERY_CHANGED
10-29 12:38:11.087 17356 17356 W FileManager::BaseActivity: mChangedReceiver onReceive action = android.intent.action.BATTERY_CHANGED
10-29 12:38:16.348 30851 30955 W ColorExSystemServiceHelper: checkColorExSystemService intent getComponent is null
10-29 12:38:16.700  2826  2826 D BoundBrokerSvc: onRebind: Intent { act=com.google.android.gms.common.telemetry.service.START dat=chimera-action: cmp=com.google.android.gms/.chimera.PersistentApiService }
10-29 12:38:16.970 17356 17356 W FileManager::BaseActivity: mChangedReceiver onReceive action = android.intent.action.BATTERY_CHANGED
10-29 12:38:16.970 17356 17356 W FileManager::BaseActivity: mChangedReceiver onReceive action = android.intent.action.BATTERY_CHANGED
10-29 12:38:21.740  2826  2826 D BoundBrokerSvc: onUnbind: Intent { act=com.google.android.gms.common.telemetry.service.START dat=chimera-action: cmp=com.google.android.gms/.chimera.PersistentApiService }
10-29 12:38:23.123 17356 17356 W FileManager::BaseActivity: mChangedReceiver onReceive action = android.intent.action.BATTERY_CHANGED
10-29 12:38:23.124 17356 17356 W FileManager::BaseActivity: mChangedReceiver onReceive action = android.intent.action.BATTERY_CHANGED
10-29 12:38:29.015 17356 17356 W FileManager::BaseActivity: mChangedReceiver onReceive action = android.intent.action.BATTERY_CHANGED
10-29 12:38:29.015 17356 17356 W FileManager::BaseActivity: mChangedReceiver onReceive action = android.intent.action.BATTERY_CHANGED
10-29 12:38:29.900 30851  5039 W ColorExSystemServiceHelper: checkColorExSystemService intent getComponent is null
10-29 12:38:30.113  2826  2826 D BoundBrokerSvc: onRebind: Intent { act=com.google.android.gms.common.telemetry.service.START dat=chimera-action: cmp=com.google.android.gms/.chimera.PersistentApiService }
10-29 12:38:34.898 17356 17356 W FileManager::BaseActivity: mChangedReceiver onReceive action = android.intent.action.BATTERY_CHANGED
10-29 12:38:34.898 17356 17356 W FileManager::BaseActivity: mChangedReceiver onReceive action = android.intent.action.BATTERY_CHANGED
10-29 12:38:35.152  2826  2826 D BoundBrokerSvc: onUnbind: Intent { act=com.google.android.gms.common.telemetry.service.START dat=chimera-action: cmp=com.google.android.gms/.chimera.PersistentApiService }
10-29 12:38:41.027 17356 17356 W FileManager::BaseActivity: mChangedReceiver onReceive action = android.intent.action.BATTERY_CHANGED
10-29 12:38:41.028 17356 17356 W FileManager::BaseActivity: mChangedReceiver onReceive action = android.intent.action.BATTERY_CHANGED
10-29 12:38:41.538 30851  5039 W ColorExSystemServiceHelper: checkColorExSystemService intent getComponent is null
10-29 12:38:41.828  2826  2826 D BoundBrokerSvc: onRebind: Intent { act=com.google.android.gms.common.telemetry.service.START dat=chimera-action: cmp=com.google.android.gms/.chimera.PersistentApiService }
10-29 12:38:46.844  2826  2826 D BoundBrokerSvc: onUnbind: Intent { act=com.google.android.gms.common.telemetry.service.START dat=chimera-action: cmp=com.google.android.gms/.chimera.PersistentApiService }
10-29 12:38:46.930 17356 17356 W FileManager::BaseActivity: mChangedReceiver onReceive action = android.intent.action.BATTERY_CHANGED
10-29 12:38:46.930 17356 17356 W FileManager::BaseActivity: mChangedReceiver onReceive action = android.intent.action.BATTERY_CHANGED
10-29 12:38:53.069 17356 17356 W FileManager::BaseActivity: mChangedReceiver onReceive action = android.intent.action.BATTERY_CHANGED
10-29 12:38:53.069 17356 17356 W FileManager::BaseActivity: mChangedReceiver onReceive action = android.intent.action.BATTERY_CHANGED
10-29 12:38:58.962 17356 17356 W FileManager::BaseActivity: mChangedReceiver onReceive action = android.intent.action.BATTERY_CHANGED
10-29 12:38:58.962 17356 17356 W FileManager::BaseActivity: mChangedReceiver onReceive action = android.intent.action.BATTERY_CHANGED
10-29 12:39:05.105 17356 17356 W FileManager::BaseActivity: mChangedReceiver onReceive action = android.intent.action.BATTERY_CHANGED
10-29 12:39:05.105 17356 17356 W FileManager::BaseActivity: mChangedReceiver onReceive action = android.intent.action.BATTERY_CHANGED
10-29 12:39:10.993 17356 17356 W FileManager::BaseActivity: mChangedReceiver onReceive action = android.intent.action.BATTERY_CHANGED
10-29 12:39:10.993 17356 17356 W FileManager::BaseActivity: mChangedReceiver onReceive action = android.intent.action.BATTERY_CHANGED
10-29 12:39:16.880 17356 17356 W FileManager::BaseActivity: mChangedReceiver onReceive action = android.intent.action.BATTERY_CHANGED
10-29 12:39:16.881 17356 17356 W FileManager::BaseActivity: mChangedReceiver onReceive action = android.intent.action.BATTERY_CHANGED
10-29 12:39:23.025 17356 17356 W FileManager::BaseActivity: mChangedReceiver onReceive action = android.intent.action.BATTERY_CHANGED
10-29 12:39:23.026 17356 17356 W FileManager::BaseActivity: mChangedReceiver onReceive action = android.intent.action.BATTERY_CHANGED
10-29 12:39:26.335  2826  2826 D BoundBrokerSvc: onRebind: Intent { act=com.google.android.gms.common.telemetry.service.START dat=chimera-action: cmp=com.google.android.gms/.chimera.PersistentApiService }
10-29 12:39:28.912 17356 17356 W FileManager::BaseActivity: mChangedReceiver onReceive action = android.intent.action.BATTERY_CHANGED
10-29 12:39:28.912 17356 17356 W FileManager::BaseActivity: mChangedReceiver onReceive action = android.intent.action.BATTERY_CHANGED
10-29 12:39:31.354  2826  2826 D BoundBrokerSvc: onUnbind: Intent { act=com.google.android.gms.common.telemetry.service.START dat=chimera-action: cmp=com.google.android.gms/.chimera.PersistentApiService }
10-29 12:39:35.059 17356 17356 W FileManager::BaseActivity: mChangedReceiver onReceive action = android.intent.action.BATTERY_CHANGED
10-29 12:39:35.059 17356 17356 W FileManager::BaseActivity: mChangedReceiver onReceive action = android.intent.action.BATTERY_CHANGED
10-29 12:39:40.942 17356 17356 W FileManager::BaseActivity: mChangedReceiver onReceive action = android.intent.action.BATTERY_CHANGED
10-29 12:39:40.942 17356 17356 W FileManager::BaseActivity: mChangedReceiver onReceive action = android.intent.action.BATTERY_CHANGED
10-29 12:39:47.087 17356 17356 W FileManager::BaseActivity: mChangedReceiver onReceive action = android.intent.action.BATTERY_CHANGED
10-29 12:39:47.088 17356 17356 W FileManager::BaseActivity: mChangedReceiver onReceive action = android.intent.action.BATTERY_CHANGED
10-29 12:39:48.584  2826  2826 D BoundBrokerSvc: onBind: Intent { act=com.google.android.gms.personalsafety.scanners.BleScheduler.ACTION_TASK_READY dat=chimera-action: cmp=com.google.android.gms/.chimera.PersistentInternalBoundBrokerService }
10-29 12:39:48.584  2826  2826 D BoundBrokerSvc: Loading bound service for intent: Intent { act=com.google.android.gms.personalsafety.scanners.BleScheduler.ACTION_TASK_READY dat=chimera-action: cmp=com.google.android.gms/.chimera.PersistentInternalBoundBrokerService }
10-29 12:39:48.589 18735 18735 V OppoLFEHelper.DcsScanReceiver: receiver : oppo.intent.action.ACTION_DCS_STARTSCAN
10-29 12:39:48.602  2826  2826 D BoundBrokerSvc: onUnbind: Intent { act=com.google.android.gms.personalsafety.scanners.BleScheduler.ACTION_TASK_READY dat=chimera-action: cmp=com.google.android.gms/.chimera.PersistentInternalBoundBrokerService }
10-29 12:39:48.762  2826  3856 W ColorExSystemServiceHelper: checkColorExSystemService intent getComponent is null
10-29 12:39:48.826 31584  4311 W ColorExSystemServiceHelper: checkColorExSystemService intent getComponent is null
10-29 12:39:48.827 31584 31584 D BoundBrokerSvc: onBind: Intent { act=com.google.android.gms.checkin.START pkg=com.google.android.gms }
10-29 12:39:48.827 31584 31584 D BoundBrokerSvc: Loading bound service for intent: Intent { act=com.google.android.gms.checkin.START pkg=com.google.android.gms }
10-29 12:39:48.877  2826  3856 W ColorExSystemServiceHelper: checkColorExSystemService intent getComponent is null
10-29 12:39:48.881  2826  3856 W ColorExSystemServiceHelper: checkColorExSystemService intent getComponent is null
10-29 12:39:48.885 31584 31584 D BoundBrokerSvc: onBind: Intent { act=com.google.android.gms.semanticlocationhistory.service.START dat=chimera-action: cmp=com.google.android.gms/.chimera.GmsApiService }
10-29 12:39:48.886 31584 31584 D BoundBrokerSvc: Loading bound service for intent: Intent { act=com.google.android.gms.semanticlocationhistory.service.START dat=chimera-action: cmp=com.google.android.gms/.chimera.GmsApiService }
10-29 12:39:49.592 18735 18735 D OppoLFEHelper.DcsScanReceiver: handleGetServiceDone action is : oppo.intent.action.ACTION_DCS_STARTSCAN
10-29 12:39:52.978 17356 17356 W FileManager::BaseActivity: mChangedReceiver onReceive action = android.intent.action.BATTERY_CHANGED
10-29 12:39:52.978 17356 17356 W FileManager::BaseActivity: mChangedReceiver onReceive action = android.intent.action.BATTERY_CHANGED
10-29 12:39:59.125 17356 17356 W FileManager::BaseActivity: mChangedReceiver onReceive action = android.intent.action.BATTERY_CHANGED
10-29 12:39:59.126 17356 17356 W FileManager::BaseActivity: mChangedReceiver onReceive action = android.intent.action.BATTERY_CHANGED
10-29 12:40:03.944 31584 31584 D BoundBrokerSvc: onUnbind: Intent { act=com.google.android.gms.checkin.START pkg=com.google.android.gms }
10-29 12:40:03.974 31584 31584 D BoundBrokerSvc: onUnbind: Intent { act=com.google.android.gms.semanticlocationhistory.service.START dat=chimera-action: cmp=com.google.android.gms/.chimera.GmsApiService }
10-29 12:40:05.006 17356 17356 W FileManager::BaseActivity: mChangedReceiver onReceive action = android.intent.action.BATTERY_CHANGED
10-29 12:40:05.006 17356 17356 W FileManager::BaseActivity: mChangedReceiver onReceive action = android.intent.action.BATTERY_CHANGED
10-29 12:40:10.897 17356 17356 W FileManager::BaseActivity: mChangedReceiver onReceive action = android.intent.action.BATTERY_CHANGED
10-29 12:40:10.897 17356 17356 W FileManager::BaseActivity: mChangedReceiver onReceive action = android.intent.action.BATTERY_CHANGED
10-29 12:40:17.041 17356 17356 W FileManager::BaseActivity: mChangedReceiver onReceive action = android.intent.action.BATTERY_CHANGED
10-29 12:40:17.041 17356 17356 W FileManager::BaseActivity: mChangedReceiver onReceive action = android.intent.action.BATTERY_CHANGED
10-29 12:40:19.907 30851  5039 W ColorExSystemServiceHelper: checkColorExSystemService intent getComponent is null
10-29 12:40:20.265  2826  2826 D BoundBrokerSvc: onRebind: Intent { act=com.google.android.gms.common.telemetry.service.START dat=chimera-action: cmp=com.google.android.gms/.chimera.PersistentApiService }
10-29 12:40:22.928 17356 17356 W FileManager::BaseActivity: mChangedReceiver onReceive action = android.intent.action.BATTERY_CHANGED
10-29 12:40:22.929 17356 17356 W FileManager::BaseActivity: mChangedReceiver onReceive action = android.intent.action.BATTERY_CHANGED
10-29 12:40:25.296  2826  2826 D BoundBrokerSvc: onUnbind: Intent { act=com.google.android.gms.common.telemetry.service.START dat=chimera-action: cmp=com.google.android.gms/.chimera.PersistentApiService }
10-29 12:40:29.073 17356 17356 W FileManager::BaseActivity: mChangedReceiver onReceive action = android.intent.action.BATTERY_CHANGED
10-29 12:40:29.073 17356 17356 W FileManager::BaseActivity: mChangedReceiver onReceive action = android.intent.action.BATTERY_CHANGED
10-29 12:40:33.452 30851  5039 W ColorExSystemServiceHelper: checkColorExSystemService intent getComponent is null
10-29 12:40:33.747  2826  2826 D BoundBrokerSvc: onRebind: Intent { act=com.google.android.gms.common.telemetry.service.START dat=chimera-action: cmp=com.google.android.gms/.chimera.PersistentApiService }
10-29 12:40:34.954 17356 17356 W FileManager::BaseActivity: mChangedReceiver onReceive action = android.intent.action.BATTERY_CHANGED
10-29 12:40:34.955 17356 17356 W FileManager::BaseActivity: mChangedReceiver onReceive action = android.intent.action.BATTERY_CHANGED
10-29 12:40:38.779  2826  2826 D BoundBrokerSvc: onUnbind: Intent { act=com.google.android.gms.common.telemetry.service.START dat=chimera-action: cmp=com.google.android.gms/.chimera.PersistentApiService }
10-29 12:40:41.104 17356 17356 W FileManager::BaseActivity: mChangedReceiver onReceive action = android.intent.action.BATTERY_CHANGED
10-29 12:40:41.105 17356 17356 W FileManager::BaseActivity: mChangedReceiver onReceive action = android.intent.action.BATTERY_CHANGED
10-29 12:40:46.993 17356 17356 W FileManager::BaseActivity: mChangedReceiver onReceive action = android.intent.action.BATTERY_CHANGED
10-29 12:40:46.993 17356 17356 W FileManager::BaseActivity: mChangedReceiver onReceive action = android.intent.action.BATTERY_CHANGED
10-29 12:40:52.931 17356 17356 W FileManager::BaseActivity: mChangedReceiver onReceive action = android.intent.action.BATTERY_CHANGED
10-29 12:40:52.931 17356 17356 W FileManager::BaseActivity: mChangedReceiver onReceive action = android.intent.action.BATTERY_CHANGED
10-29 12:40:59.023 17356 17356 W FileManager::BaseActivity: mChangedReceiver onReceive action = android.intent.action.BATTERY_CHANGED
10-29 12:40:59.024 17356 17356 W FileManager::BaseActivity: mChangedReceiver onReceive action = android.intent.action.BATTERY_CHANGED
10-29 12:41:04.912 17356 17356 W FileManager::BaseActivity: mChangedReceiver onReceive action = android.intent.action.BATTERY_CHANGED
10-29 12:41:04.912 17356 17356 W FileManager::BaseActivity: mChangedReceiver onReceive action = android.intent.action.BATTERY_CHANGED
10-29 12:41:11.059 17356 17356 W FileManager::BaseActivity: mChangedReceiver onReceive action = android.intent.action.BATTERY_CHANGED
10-29 12:41:11.059 17356 17356 W FileManager::BaseActivity: mChangedReceiver onReceive action = android.intent.action.BATTERY_CHANGED
10-29 12:41:16.943 17356 17356 W FileManager::BaseActivity: mChangedReceiver onReceive action = android.intent.action.BATTERY_CHANGED
10-29 12:41:16.943 17356 17356 W FileManager::BaseActivity: mChangedReceiver onReceive action = android.intent.action.BATTERY_CHANGED
10-29 12:41:23.090 17356 17356 W FileManager::BaseActivity: mChangedReceiver onReceive action = android.intent.action.BATTERY_CHANGED
10-29 12:41:23.090 17356 17356 W FileManager::BaseActivity: mChangedReceiver onReceive action = android.intent.action.BATTERY_CHANGED
10-29 12:41:28.118 30851  5039 W ColorExSystemServiceHelper: checkColorExSystemService intent getComponent is null
10-29 12:41:28.435  2826  2826 D BoundBrokerSvc: onRebind: Intent { act=com.google.android.gms.common.telemetry.service.START dat=chimera-action: cmp=com.google.android.gms/.chimera.PersistentApiService }
10-29 12:41:28.974 17356 17356 W FileManager::BaseActivity: mChangedReceiver onReceive action = android.intent.action.BATTERY_CHANGED
10-29 12:41:28.975 17356 17356 W FileManager::BaseActivity: mChangedReceiver onReceive action = android.intent.action.BATTERY_CHANGED
10-29 12:41:34.664  2826  2826 D BoundBrokerSvc: onUnbind: Intent { act=com.google.android.gms.common.telemetry.service.START dat=chimera-action: cmp=com.google.android.gms/.chimera.PersistentApiService }
10-29 12:41:35.121 17356 17356 W FileManager::BaseActivity: mChangedReceiver onReceive action = android.intent.action.BATTERY_CHANGED
10-29 12:41:35.121 17356 17356 W FileManager::BaseActivity: mChangedReceiver onReceive action = android.intent.action.BATTERY_CHANGED
10-29 12:41:39.683 31584 31584 D BoundBrokerSvc: onUnbind: Intent { act=com.google.android.gms.chimera.container.moduleinstall.ModuleInstallService.START dat=chimera-action: cmp=com.google.android.gms/.chimera.GmsApiService }
10-29 12:41:41.007 17356 17356 W FileManager::BaseActivity: mChangedReceiver onReceive action = android.intent.action.BATTERY_CHANGED
10-29 12:41:41.007 17356 17356 W FileManager::BaseActivity: mChangedReceiver onReceive action = android.intent.action.BATTERY_CHANGED
10-29 12:41:46.887 17356 17356 W FileManager::BaseActivity: mChangedReceiver onReceive action = android.intent.action.BATTERY_CHANGED
10-29 12:41:46.887 17356 17356 W FileManager::BaseActivity: mChangedReceiver onReceive action = android.intent.action.BATTERY_CHANGED
10-29 12:41:47.173  1539  1554 D ColorResolveInfoHelper: The MIME data type of this intent is browser
10-29 12:41:47.211  1539  1553 D ColorResolveInfoHelper: The MIME data type of this intent is browser
10-29 12:41:47.289  1539  1553 D ColorResolveInfoHelper: The MIME data type of this intent is browser
10-29 12:41:47.335  1539  1553 D ColorResolveInfoHelper: The MIME data type of this intent is browser
10-29 12:41:47.387  1539  1553 D ColorResolveInfoHelper: The MIME data type of this intent is browser
10-29 12:41:47.449  1539  1553 D ColorResolveInfoHelper: The MIME data type of this intent is browser
10-29 12:41:47.513  1539  1553 D ColorResolveInfoHelper: The MIME data type of this intent is browser
10-29 12:41:47.586  1539  2082 D ColorResolveInfoHelper: The MIME data type of this intent is browser
10-29 12:41:47.655  1539  4794 D ColorResolveInfoHelper: The MIME data type of this intent is browser
10-29 12:41:47.725  1539  4794 D ColorResolveInfoHelper: The MIME data type of this intent is browser
10-29 12:41:47.796  1539  4794 D ColorResolveInfoHelper: The MIME data type of this intent is browser
10-29 12:41:47.868  1539  4794 D ColorResolveInfoHelper: The MIME data type of this intent is browser
10-29 12:41:47.937  1539  4794 D ColorResolveInfoHelper: The MIME data type of this intent is browser
10-29 12:41:48.006  1539  1553 D ColorResolveInfoHelper: The MIME data type of this intent is browser
10-29 12:41:48.180  2178  2178 D Launcher.PackageUpdateReceiver: onReceive intent = Intent { act=android.intent.action.PACKAGE_CHANGED dat=package:com.facebook.appmanager flg=0x45000010 (has extras) } userHandle = UserHandle{0}, id = 0, package = com.facebook.appmanager
10-29 12:41:48.190  2925  2925 V AvrcpMediaPlayerList: mPackageChangedBroadcastReceiver: action: android.intent.action.PACKAGE_CHANGED
10-29 12:41:48.237  2126  2126 E PhoneInterfaceManager: [PhoneIntfMgr] getCarrierPackageNamesForIntent: No UICC
10-29 12:41:48.238  2126  2126 E PhoneInterfaceManager: [PhoneIntfMgr] getCarrierPackageNamesForIntent: No UICC
10-29 12:41:53.041 17356 17356 W FileManager::BaseActivity: mChangedReceiver onReceive action = android.intent.action.BATTERY_CHANGED
10-29 12:41:53.042 17356 17356 W FileManager::BaseActivity: mChangedReceiver onReceive action = android.intent.action.BATTERY_CHANGED
10-29 12:41:57.183  2826  2826 D BoundBrokerSvc: onRebind: Intent { act=com.google.android.gms.libs.gmscorelogger.service.START dat=chimera-action: cmp=com.google.android.gms/.chimera.PersistentDirectBootAwareApiService }
10-29 12:41:58.938 17356 17356 W FileManager::BaseActivity: mChangedReceiver onReceive action = android.intent.action.BATTERY_CHANGED
10-29 12:41:58.938 17356 17356 W FileManager::BaseActivity: mChangedReceiver onReceive action = android.intent.action.BATTERY_CHANGED
10-29 12:42:02.844  2178  2178 D Launcher.LauncherClient: LauncherCallbacksImp.onHomeIntent, mOverlay:true, mClient:true, assistShowing:false
10-29 12:42:02.957  2178  2178 D Launcher.ColorWorkspace: getFirstMatchForAppClose: cachedClickedItemInfo = WorkspaceItemInfo(@1e2a248id=86 type=APP container=desktop screen=0 cell(0,2) span(1,1) minSpan(1,1) rank=0 user=UserHandle{0} title=Automate installStateType=-1 installSource=null component=ComponentInfo{com.llamalab.automate/com.llamalab.automate.FlowListActivity}, update=false, limit=false, runtime=110000000, status=0 intent=Intent { act=android.intent.action.MAIN cat=[android.intent.category.LAUNCHER] flg=0x10200000 cmp=com.llamalab.automate/.FlowListActivity bnds=[30,690][234,967] })
10-29 12:42:02.957  2178  2178 D Launcher.ColorWorkspace: ,info = WorkspaceItemInfo(@ffa1171id=28 type=APP container=hotseat screen=0 cell(0,0) span(1,1) minSpan(1,1) rank=0 user=UserHandle{0} title=Messages installStateType=-1 installSource=null component=ComponentInfo{com.android.mms/com.android.mms.ui.ConversationList}, update=false, limit=false, runtime=101000000, status=0 intent=Intent { act=android.intent.action.MAIN cat=[android.intent.category.LAUNCHER] flg=0x10200000 cmp=com.android.mms/.ui.ConversationList })
10-29 12:42:02.957  2178  2178 D Launcher.ColorWorkspace: getFirstMatchForAppClose: cachedClickedItemInfo = WorkspaceItemInfo(@1e2a248id=86 type=APP container=desktop screen=0 cell(0,2) span(1,1) minSpan(1,1) rank=0 user=UserHandle{0} title=Automate installStateType=-1 installSource=null component=ComponentInfo{com.llamalab.automate/com.llamalab.automate.FlowListActivity}, update=false, limit=false, runtime=110000000, status=0 intent=Intent { act=android.intent.action.MAIN cat=[android.intent.category.LAUNCHER] flg=0x10200000 cmp=com.llamalab.automate/.FlowListActivity bnds=[30,690][234,967] })
10-29 12:42:02.957  2178  2178 D Launcher.ColorWorkspace: ,info = WorkspaceItemInfo(@d300b56id=27 type=APP container=hotseat screen=1 cell(1,0) span(1,1) minSpan(1,1) rank=0 user=UserHandle{0} title=Phone installStateType=-1 installSource=null component=ComponentInfo{com.android.contacts/com.android.contacts.DialtactsActivityAlias}, update=false, limit=false, runtime=101000000, status=0 intent=Intent { act=android.intent.action.MAIN cat=[android.intent.category.LAUNCHER] flg=0x10200000 cmp=com.android.contacts/.DialtactsActivityAlias })
10-29 12:42:02.957  2178  2178 D Launcher.ColorWorkspace: getFirstMatchForAppClose: cachedClickedItemInfo = WorkspaceItemInfo(@1e2a248id=86 type=APP container=desktop screen=0 cell(0,2) span(1,1) minSpan(1,1) rank=0 user=UserHandle{0} title=Automate installStateType=-1 installSource=null component=ComponentInfo{com.llamalab.automate/com.llamalab.automate.FlowListActivity}, update=false, limit=false, runtime=110000000, status=0 intent=Intent { act=android.intent.action.MAIN cat=[android.intent.category.LAUNCHER] flg=0x10200000 cmp=com.llamalab.automate/.FlowListActivity bnds=[30,690][234,967] })
10-29 12:42:02.957  2178  2178 D Launcher.ColorWorkspace: ,info = WorkspaceItemInfo(@b6d37d7id=29 type=APP container=hotseat screen=2 cell(2,0) span(1,1) minSpan(1,1) rank=0 user=UserHandle{0} title=Chrome installStateType=-1 installSource=null component=ComponentInfo{com.android.chrome/com.google.android.apps.chrome.Main}, update=false, limit=false, runtime=101000000, status=0 intent=Intent { act=android.intent.action.MAIN cat=[android.intent.category.LAUNCHER] flg=0x10200000 cmp=com.android.chrome/com.google.android.apps.chrome.Main bnds=[438,1860][642,2076] })
