10-29 12:42:02.957  2178  2178 D Launcher.ColorWorkspace: getFirstMatchForAppClose: cachedClickedItemInfo = WorkspaceItemInfo(@1e2a248id=86 type=APP container=desktop screen=0 cell(0,2) span(1,1) minSpan(1,1) rank=0 user=UserHandle{0} title=Automate installStateType=-1 installSource=null component=ComponentInfo{com.llamalab.automate/com.llamalab.automate.FlowListActivity}, update=false, limit=false, runtime=110000000, status=0 intent=Intent { act=android.intent.action.MAIN cat=[android.intent.category.LAUNCHER] flg=0x10200000 cmp=com.llamalab.automate/.FlowListActivity bnds=[30,690][234,967] })
10-29 12:42:02.957  2178  2178 D Launcher.ColorWorkspace: ,info = WorkspaceItemInfo(@bce78c4id=31 type=APP container=hotseat screen=4 cell(4,0) span(1,1) minSpan(1,1) rank=0 user=UserHandle{0} title=Camera installStateType=-1 installSource=null component=ComponentInfo{com.oppo.camera/com.oppo.camera.Camera}, update=false, limit=false, runtime=101000000, status=0 intent=Intent { act=android.intent.action.MAIN cat=[android.intent.category.LAUNCHER] flg=0x10200000 cmp=com.oppo.camera/.Camera })
10-29 12:42:02.957  2178  2178 D Launcher.ColorWorkspace: getFirstMatchForAppClose: cachedClickedItemInfo = WorkspaceItemInfo(@1e2a248id=86 type=APP container=desktop screen=0 cell(0,2) span(1,1) minSpan(1,1) rank=0 user=UserHandle{0} title=Automate installStateType=-1 installSource=null component=ComponentInfo{com.llamalab.automate/com.llamalab.automate.FlowListActivity}, update=false, limit=false, runtime=110000000, status=0 intent=Intent { act=android.intent.action.MAIN cat=[android.intent.category.LAUNCHER] flg=0x10200000 cmp=com.llamalab.automate/.FlowListActivity bnds=[30,690][234,967] })
10-29 12:42:02.957  2178  2178 D Launcher.ColorWorkspace: ,info = WorkspaceItemInfo(@b221c5cid=46 type=APP container=desktop screen=0 cell(0,1) span(1,1) minSpan(1,1) rank=0 user=UserHandle{0} title=Open Camera installStateType=-1 installSource=null component=ComponentInfo{net.sourceforge.opencamera/net.sourceforge.opencamera.MainActivity}, update=false, limit=false, runtime=110000000, status=0 intent=Intent { act=android.intent.action.MAIN cat=[android.intent.category.LAUNCHER] flg=0x10200000 cmp=net.sourceforge.opencamera/.MainActivity bnds=[30,413][234,690] })
10-29 12:42:02.958  2178  2178 D Launcher.ColorWorkspace: getFirstMatchForAppClose: cachedClickedItemInfo = WorkspaceItemInfo(@1e2a248id=86 type=APP container=desktop screen=0 cell(0,2) span(1,1) minSpan(1,1) rank=0 user=UserHandle{0} title=Automate installStateType=-1 installSource=null component=ComponentInfo{com.llamalab.automate/com.llamalab.automate.FlowListActivity}, update=false, limit=false, runtime=110000000, status=0 intent=Intent { act=android.intent.action.MAIN cat=[android.intent.category.LAUNCHER] flg=0x10200000 cmp=com.llamalab.automate/.FlowListActivity bnds=[30,690][234,967] })
10-29 12:42:02.958  2178  2178 D Launcher.ColorWorkspace: ,info = WorkspaceItemInfo(@421103aid=85 type=APP container=desktop screen=0 cell(2,1) span(1,1) minSpan(1,1) rank=0 user=UserHandle{0} title=Monkey City installStateType=-1 installSource=null component=ComponentInfo{com.ninjakiwi.monkeycity/com.ninjakiwi.MainActivityGradle}, update=false, limit=false, runtime=110000000, status=0 intent=Intent { act=android.intent.action.MAIN cat=[android.intent.category.LAUNCHER] flg=0x10200000 cmp=com.ninjakiwi.monkeycity/com.ninjakiwi.MainActivityGradle bnds=[438,413][642,690] })
10-29 12:42:02.958  2178  2178 D Launcher.ColorWorkspace: getFirstMatchForAppClose: cachedClickedItemInfo = WorkspaceItemInfo(@1e2a248id=86 type=APP container=desktop screen=0 cell(0,2) span(1,1) minSpan(1,1) rank=0 user=UserHandle{0} title=Automate installStateType=-1 installSource=null component=ComponentInfo{com.llamalab.automate/com.llamalab.automate.FlowListActivity}, update=false, limit=false, runtime=110000000, status=0 intent=Intent { act=android.intent.action.MAIN cat=[android.intent.category.LAUNCHER] flg=0x10200000 cmp=com.llamalab.automate/.FlowListActivity bnds=[30,690][234,967] })
10-29 12:42:02.958  2178  2178 D Launcher.ColorWorkspace: ,info = WorkspaceItemInfo(@be1c4ebid=87 type=APP container=desktop screen=0 cell(3,1) span(1,1) minSpan(1,1) rank=0 user=UserHandle{0} title=MacroDroid installStateType=-1 installSource=null component=ComponentInfo{com.arlosoft.macrodroid/com.arlosoft.macrodroid.intro.IntroActivity}, update=false, limit=false, runtime=110000000, status=0 intent=Intent { act=android.intent.action.MAIN cat=[android.intent.category.LAUNCHER] flg=0x10200000 cmp=com.arlosoft.macrodroid/.intro.IntroActivity bnds=[642,413][846,690] })
10-29 12:42:02.958  2178  2178 D Launcher.ColorWorkspace: getFirstMatchForAppClose: cachedClickedItemInfo = WorkspaceItemInfo(@1e2a248id=86 type=APP container=desktop screen=0 cell(0,2) span(1,1) minSpan(1,1) rank=0 user=UserHandle{0} title=Automate installStateType=-1 installSource=null component=ComponentInfo{com.llamalab.automate/com.llamalab.automate.FlowListActivity}, update=false, limit=false, runtime=110000000, status=0 intent=Intent { act=android.intent.action.MAIN cat=[android.intent.category.LAUNCHER] flg=0x10200000 cmp=com.llamalab.automate/.FlowListActivity bnds=[30,690][234,967] })
10-29 12:42:02.958  2178  2178 D Launcher.ColorWorkspace: ,info = WorkspaceItemInfo(@1e2a248id=86 type=APP container=desktop screen=0 cell(0,2) span(1,1) minSpan(1,1) rank=0 user=UserHandle{0} title=Automate installStateType=-1 installSource=null component=ComponentInfo{com.llamalab.automate/com.llamalab.automate.FlowListActivity}, update=false, limit=false, runtime=110000000, status=0 intent=Intent { act=android.intent.action.MAIN cat=[android.intent.category.LAUNCHER] flg=0x10200000 cmp=com.llamalab.automate/.FlowListActivity bnds=[30,690][234,967] })
10-29 12:42:04.453  2178  2178 D Launcher.ItemClickHandler: onClick, tag = WorkspaceItemInfo(@be1c4ebid=87 type=APP container=desktop screen=0 cell(3,1) span(1,1) minSpan(1,1) rank=0 user=UserHandle{0} title=MacroDroid installStateType=-1 installSource=null component=ComponentInfo{com.arlosoft.macrodroid/com.arlosoft.macrodroid.intro.IntroActivity}, update=false, limit=false, runtime=110000000, status=0 intent=Intent { act=android.intent.action.MAIN cat=[android.intent.category.LAUNCHER] flg=0x10200000 cmp=com.arlosoft.macrodroid/.intro.IntroActivity bnds=[642,413][846,690] })
10-29 12:42:04.811 31584  4311 W ColorExSystemServiceHelper: checkColorExSystemService intent getComponent is null
10-29 12:42:04.812 31584 31584 D BoundBrokerSvc: onBind: Intent { act=com.google.android.gms.measurement.START pkg=com.google.android.gms }
10-29 12:42:04.812 31584 31584 D BoundBrokerSvc: Loading bound service for intent: Intent { act=com.google.android.gms.measurement.START pkg=com.google.android.gms }
10-29 12:42:04.854 31584  4311 W ColorExSystemServiceHelper: checkColorExSystemService intent getComponent is null
10-29 12:42:05.113 17356 17356 W FileManager::BaseActivity: mChangedReceiver onReceive action = android.intent.action.BATTERY_CHANGED
10-29 12:42:05.113 17356 17356 W FileManager::BaseActivity: mChangedReceiver onReceive action = android.intent.action.BATTERY_CHANGED
10-29 12:42:05.300 31584  4311 W ColorExSystemServiceHelper: checkColorExSystemService intent getComponent is null
10-29 12:42:05.636 31584  4311 W ColorExSystemServiceHelper: checkColorExSystemService intent getComponent is null
10-29 12:42:05.668  2826  2826 D BoundBrokerSvc: onRebind: Intent { act=com.google.android.gms.common.telemetry.service.START dat=chimera-action: cmp=com.google.android.gms/.chimera.PersistentApiService }
10-29 12:42:05.737  2826  2826 D BoundBrokerSvc: onRebind: Intent { act=com.google.android.gms.presencemanager.service.START dat=chimera-action: cmp=com.google.android.gms/.chimera.PersistentApiService }
10-29 12:42:05.742  2826  2826 D BoundBrokerSvc: onRebind: Intent { act=com.google.android.gms.presencemanager.service.INTERNAL_IDENTITY dat=chimera-action: cmp=com.google.android.gms/.chimera.PersistentApiService }
10-29 12:42:10.775  2826  2826 D BoundBrokerSvc: onUnbind: Intent { act=com.google.android.gms.common.telemetry.service.START dat=chimera-action: cmp=com.google.android.gms/.chimera.PersistentApiService }
10-29 12:42:10.963 17356 17356 W FileManager::BaseActivity: mChangedReceiver onReceive action = android.intent.action.BATTERY_CHANGED
10-29 12:42:10.964 17356 17356 W FileManager::BaseActivity: mChangedReceiver onReceive action = android.intent.action.BATTERY_CHANGED
10-29 12:42:11.643 31584 31584 D BoundBrokerSvc: onBind: Intent { act=com.google.android.gms.appset.service.START dat=chimera-action: cmp=com.google.android.gms/.chimera.GmsApiService }
10-29 12:42:11.643 31584 31584 D BoundBrokerSvc: Loading bound service for intent: Intent { act=com.google.android.gms.appset.service.START dat=chimera-action: cmp=com.google.android.gms/.chimera.GmsApiService }
10-29 12:42:12.262  2826  2826 D BoundBrokerSvc: onUnbind: Intent { act=com.google.android.gms.libs.gmscorelogger.service.START dat=chimera-action: cmp=com.google.android.gms/.chimera.PersistentDirectBootAwareApiService }
10-29 12:42:12.829  3407 15718 W ServiceBindIntentUtils: Dynamic lookup for intent failed for action: com.google.android.gms.ads.service.CACHE
10-29 12:42:12.835 31584 32679 W ColorExSystemServiceHelper: checkColorExSystemService intent getComponent is null
10-29 12:42:12.840 31584 31584 D BoundBrokerSvc: onBind: Intent { act=com.google.android.gms.ads.service.CACHE pkg=com.google.android.gms }
10-29 12:42:12.840 31584 31584 D BoundBrokerSvc: Loading bound service for intent: Intent { act=com.google.android.gms.ads.service.CACHE pkg=com.google.android.gms }
10-29 12:42:12.852  3407 20492 W ServiceBindIntentUtils: Dynamic lookup for intent failed for action: com.google.android.gms.ads.service.START
10-29 12:42:12.855 31584 32679 W ColorExSystemServiceHelper: checkColorExSystemService intent getComponent is null
10-29 12:42:12.856 31584 31584 D BoundBrokerSvc: onBind: Intent { act=com.google.android.gms.ads.service.START pkg=com.google.android.gms }
10-29 12:42:12.856 31584 31584 D BoundBrokerSvc: Loading bound service for intent: Intent { act=com.google.android.gms.ads.service.START pkg=com.google.android.gms }
10-29 12:42:12.862 31584 31584 D BoundBrokerSvc: onBind: Intent { act=com.google.android.gms.ads.identifier.service.EVENT_ATTESTATION dat=chimera-action: cmp=com.google.android.gms/.chimera.GmsBoundBrokerService }
10-29 12:42:12.862 31584 31584 D BoundBrokerSvc: Loading bound service for intent: Intent { act=com.google.android.gms.ads.identifier.service.EVENT_ATTESTATION dat=chimera-action: cmp=com.google.android.gms/.chimera.GmsBoundBrokerService }
10-29 12:42:14.970  2178  2178 D Launcher.Launcher.Model: onShortcutsChanged, pkg = com.arlosoft.macrodroid, shortcuts = [ShortcutInfo {id=***, flags=0xe99 [DynIc-fPensKeyStrRets], packageName=com.arlosoft.macrodroid, activity=ComponentInfo{com.arlosoft.macrodroid/com.arlosoft.macrodroid.intro.IntroActivity}, shortLabel=***, resId=0[null], longLabel=***, resId=0[null], disabledMessage=***, resId=0[null], disabledReason=[Not disabled], categories=null, persons=null, icon=null, rank=0, timestamp=1761756134959, intents=null, extras=null}], user = UserHandle{0}
10-29 12:42:15.754  2178  2178 D Launcher.Launcher.Model: onShortcutsChanged, pkg = com.arlosoft.macrodroid, shortcuts = [ShortcutInfo {id=***, flags=0xe99 [DynIc-fPensKeyStrRets], packageName=com.arlosoft.macrodroid, activity=ComponentInfo{com.arlosoft.macrodroid/com.arlosoft.macrodroid.intro.IntroActivity}, shortLabel=***, resId=0[null], longLabel=***, resId=0[null], disabledMessage=***, resId=0[null], disabledReason=[Not disabled], categories=null, persons=null, icon=null, rank=0, timestamp=1761756135740, intents=null, extras=null}], user = UserHandle{0}
10-29 12:42:15.758  2178  2178 D Launcher.Launcher.Model: onShortcutsChanged, pkg = com.arlosoft.macrodroid, shortcuts = [ShortcutInfo {id=***, flags=0x699 [DynIc-fKeyStrRets], packageName=com.arlosoft.macrodroid, activity=ComponentInfo{com.arlosoft.macrodroid/com.arlosoft.macrodroid.intro.IntroActivity}, shortLabel=***, resId=0[null], longLabel=***, resId=0[null], disabledMessage=***, resId=0[null], disabledReason=[Not disabled], categories=null, persons=null, icon=null, rank=0, timestamp=1761756135740, intents=null, extras=null}], user = UserHandle{0}
10-29 12:42:15.814  2826  2826 D BoundBrokerSvc: onRebind: Intent { act=com.google.android.gms.common.telemetry.service.START dat=chimera-action: cmp=com.google.android.gms/.chimera.PersistentApiService }
10-29 12:42:17.103 17356 17356 W FileManager::BaseActivity: mChangedReceiver onReceive action = android.intent.action.BATTERY_CHANGED
10-29 12:42:17.103 17356 17356 W FileManager::BaseActivity: mChangedReceiver onReceive action = android.intent.action.BATTERY_CHANGED
10-29 12:42:18.850 31584 31584 D BoundBrokerSvc: onUnbind: Intent { act=com.google.android.gms.ads.service.START pkg=com.google.android.gms }
10-29 12:42:20.787  2826  2826 D BoundBrokerSvc: onUnbind: Intent { act=com.google.android.gms.presencemanager.service.START dat=chimera-action: cmp=com.google.android.gms/.chimera.PersistentApiService }
10-29 12:42:20.792  2826  2826 D BoundBrokerSvc: onUnbind: Intent { act=com.google.android.gms.presencemanager.service.INTERNAL_IDENTITY dat=chimera-action: cmp=com.google.android.gms/.chimera.PersistentApiService }
10-29 12:42:20.820  2826  2826 D BoundBrokerSvc: onUnbind: Intent { act=com.google.android.gms.common.telemetry.service.START dat=chimera-action: cmp=com.google.android.gms/.chimera.PersistentApiService }
10-29 12:42:22.822  2826  2826 D BoundBrokerSvc: onRebind: Intent { act=com.google.android.gms.libs.gmscorelogger.service.START dat=chimera-action: cmp=com.google.android.gms/.chimera.PersistentDirectBootAwareApiService }
10-29 12:42:22.995 17356 17356 W FileManager::BaseActivity: mChangedReceiver onReceive action = android.intent.action.BATTERY_CHANGED
10-29 12:42:22.995 17356 17356 W FileManager::BaseActivity: mChangedReceiver onReceive action = android.intent.action.BATTERY_CHANGED
10-29 12:42:26.540 31584 31584 D BoundBrokerSvc: onUnbind: Intent { act=com.google.android.gms.measurement.START pkg=com.google.android.gms }
10-29 12:42:26.680 31584  4311 W ColorExSystemServiceHelper: checkColorExSystemService intent getComponent is null
10-29 12:42:26.681 31584 31584 D BoundBrokerSvc: onBind: Intent { act=com.google.android.gms.measurement.START pkg=com.google.android.gms }
10-29 12:42:26.681 31584 31584 D BoundBrokerSvc: Loading bound service for intent: Intent { act=com.google.android.gms.measurement.START pkg=com.google.android.gms }
10-29 12:42:27.059  2826  2826 D BoundBrokerSvc: onRebind: Intent { act=com.google.android.gms.common.telemetry.service.START dat=chimera-action: cmp=com.google.android.gms/.chimera.PersistentApiService }
10-29 12:42:28.877 17356 17356 W FileManager::BaseActivity: mChangedReceiver onReceive action = android.intent.action.BATTERY_CHANGED
10-29 12:42:28.877 17356 17356 W FileManager::BaseActivity: mChangedReceiver onReceive action = android.intent.action.BATTERY_CHANGED
10-29 12:42:31.111 31584 31584 D BoundBrokerSvc: onUnbind: Intent { act=com.google.android.gms.ads.identifier.service.EVENT_ATTESTATION dat=chimera-action: cmp=com.google.android.gms/.chimera.GmsBoundBrokerService }
10-29 12:42:32.067  2826  2826 D BoundBrokerSvc: onUnbind: Intent { act=com.google.android.gms.common.telemetry.service.START dat=chimera-action: cmp=com.google.android.gms/.chimera.PersistentApiService }
10-29 12:42:35.022 17356 17356 W FileManager::BaseActivity: mChangedReceiver onReceive action = android.intent.action.BATTERY_CHANGED
10-29 12:42:35.024 17356 17356 W FileManager::BaseActivity: mChangedReceiver onReceive action = android.intent.action.BATTERY_CHANGED
10-29 12:42:37.058 31584 31584 D BoundBrokerSvc: onUnbind: Intent { act=com.google.android.gms.measurement.START pkg=com.google.android.gms }
10-29 12:42:37.847  2826  2826 D BoundBrokerSvc: onUnbind: Intent { act=com.google.android.gms.libs.gmscorelogger.service.START dat=chimera-action: cmp=com.google.android.gms/.chimera.PersistentDirectBootAwareApiService }
10-29 12:42:39.211  3407  3407 D WindowManager: Add to mViews: DecorView@55ccff9[Send Intent], this = android.view.WindowManagerGlobal@99c5d30,pkg= com.arlosoft.macrodroid
10-29 12:42:39.214  3407  3407 D ViewRootImpl[Send Intent]: hardware acceleration = true , fakeHwAccelerated = false, sRendererDisabled = false, forceHwAccelerated = false, sSystemRendererDisabled = false
10-29 12:42:39.218   801  1408 D DispPerfService: get hint proc=eaaf0c6 Send Intent#0, idx=0 none
10-29 12:42:39.318   801   864 D DispPerfService: get hint proc=Send Intent#0, idx=0 none
10-29 12:42:39.319   801   864 I BufferQueueConsumer: [Send Intent#0](this:0x77201d5800,id:3655,api:0,p:-1,c:801) setConsumerName: Send Intent#0
10-29 12:42:39.319   801   864 D DispPerfService: get proc=Send Intent#0 none
10-29 12:42:39.319   801   864 I BufferQueueConsumer: [Send Intent#0](this:0x77201d5800,id:3655,api:0,p:-1,c:801) setDefaultBufferSize: width=1128 height=2345
10-29 12:42:39.326   801  1408 I BufferQueueProducer: [Send Intent#0](this:0x77201d5800,id:3655,api:1,p:3407,c:801) connect(P): api=1 producer=(3407:com.arlosoft.macrodroid) producerControlledByApp=false
10-29 12:42:39.365   801   864 D DispPerfService: onframeavailable pid=3407, slot=0, seq=16245, ret=0, name=com.arlosoft.macrodroid:Send Intent#0
10-29 12:42:39.409   801  1408 D DispPerfService: get hint proc=Surface(name=eaaf0c6 Send Intent)/@0xf5fcbdd - animation-leash#0, idx=0 none
10-29 12:42:39.464   801   864 D DispPerfService: get hint proc=Surface(name=eaaf0c6 Send Intent)/@0xf5fcbdd - animation-leash#1, idx=0 none
10-29 12:42:39.467   801   864 I BufferQueueConsumer: [Send Intent#0](this:0x77201d5800,id:3655,api:1,p:3407,c:801) setDefaultBufferSize: width=1128 height=2343
10-29 12:42:39.479   801   801 D SurfaceFlinger: Client::detachLayer this 0x77203f46c0, layer sequence 16246 Surface(name=eaaf0c6 Send Intent)/@0xf5fcbdd - animation-leash#0
10-29 12:42:39.508   801   863 I BufferQueueProducer: [Send Intent#0](this:0x77201d5800,id:3655,api:1,p:3407,c:801) disconnect(P): api 1
10-29 12:42:39.510   801   863 I BufferQueueProducer: [Send Intent#0](this:0x77201d5800,id:3655,api:1,p:3407,c:801) connect(P): api=1 producer=(3407:com.arlosoft.macrodroid) producerControlledByApp=false
10-29 12:42:39.929   801   801 D SurfaceFlinger: Client::detachLayer this 0x77203f46c0, layer sequence 16249 Surface(name=eaaf0c6 Send Intent)/@0xf5fcbdd - animation-leash#1
10-29 12:42:40.878   801   863 I BufferQueueProducer: [Send Intent#0](this:0x77201d5800,id:3655,api:1,p:3407,c:801) disconnect(P): api 1
10-29 12:42:40.878  3407  3407 D View    : [Warning] assignParent to null: this = DecorView@55ccff9[Send Intent]
10-29 12:42:40.881   801  1408 D DispPerfService: get hint proc=Surface(name=eaaf0c6 Send Intent)/@0xf5fcbdd - animation-leash#0, idx=0 none
10-29 12:42:40.895  1539  6233 E InputDispatcher: Window handle Window{eaaf0c6 u0 Send Intent} has no registered input channel
10-29 12:42:40.913  1539  4394 E InputDispatcher: Window handle Window{eaaf0c6 u0 Send Intent} has no registered input channel
10-29 12:42:40.930  1539  6233 E InputDispatcher: Window handle Window{eaaf0c6 u0 Send Intent} has no registered input channel
10-29 12:42:40.933 17356 17356 W FileManager::BaseActivity: mChangedReceiver onReceive action = android.intent.action.BATTERY_CHANGED
10-29 12:42:40.933 17356 17356 W FileManager::BaseActivity: mChangedReceiver onReceive action = android.intent.action.BATTERY_CHANGED
10-29 12:42:41.093   801   801 I BufferQueue: [Send Intent#0](this:0x77201d5800,id:3655,api:1,p:-1,c:-1) ~BufferQueueCore
10-29 12:42:41.093   801   801 D SurfaceFlinger: Client::detachLayer this 0x77203f46c0, layer sequence 16245 Send Intent#0
10-29 12:42:41.093   801   801 D SurfaceFlinger: Client::detachLayer this 0x77203f46c0, layer sequence 16250 Surface(name=eaaf0c6 Send Intent)/@0xf5fcbdd - animation-leash#0
10-29 12:42:47.052 17356 17356 W FileManager::BaseActivity: mChangedReceiver onReceive action = android.intent.action.BATTERY_CHANGED
10-29 12:42:47.053 17356 17356 W FileManager::BaseActivity: mChangedReceiver onReceive action = android.intent.action.BATTERY_CHANGED
10-29 12:42:51.056 31584 31584 D BoundBrokerSvc: onUnbind: Intent { act=com.google.android.gms.ads.service.CACHE pkg=com.google.android.gms }
10-29 12:42:52.946 17356 17356 W FileManager::BaseActivity: mChangedReceiver onReceive action = android.intent.action.BATTERY_CHANGED
10-29 12:42:52.947 17356 17356 W FileManager::BaseActivity: mChangedReceiver onReceive action = android.intent.action.BATTERY_CHANGED
10-29 12:42:59.090 17356 17356 W FileManager::BaseActivity: mChangedReceiver onReceive action = android.intent.action.BATTERY_CHANGED
10-29 12:42:59.090 17356 17356 W FileManager::BaseActivity: mChangedReceiver onReceive action = android.intent.action.BATTERY_CHANGED
10-29 12:43:01.769 31584 32679 W ColorExSystemServiceHelper: checkColorExSystemService intent getComponent is null
10-29 12:43:04.973 17356 17356 W FileManager::BaseActivity: mChangedReceiver onReceive action = android.intent.action.BATTERY_CHANGED
10-29 12:43:04.975 17356 17356 W FileManager::BaseActivity: mChangedReceiver onReceive action = android.intent.action.BATTERY_CHANGED
10-29 12:43:06.768 31584 31676 W ColorExSystemServiceHelper: checkColorExSystemService intent getComponent is null
10-29 12:43:11.120 17356 17356 W FileManager::BaseActivity: mChangedReceiver onReceive action = android.intent.action.BATTERY_CHANGED
10-29 12:43:11.120 17356 17356 W FileManager::BaseActivity: mChangedReceiver onReceive action = android.intent.action.BATTERY_CHANGED
10-29 12:43:11.770 31584 31676 W ColorExSystemServiceHelper: checkColorExSystemService intent getComponent is null
10-29 12:43:16.772 31584 32679 W ColorExSystemServiceHelper: checkColorExSystemService intent getComponent is null
10-29 12:43:17.010 17356 17356 W FileManager::BaseActivity: mChangedReceiver onReceive action = android.intent.action.BATTERY_CHANGED
10-29 12:43:17.011 17356 17356 W FileManager::BaseActivity: mChangedReceiver onReceive action = android.intent.action.BATTERY_CHANGED
10-29 12:43:21.772 31584 31676 W ColorExSystemServiceHelper: checkColorExSystemService intent getComponent is null
10-29 12:43:22.893 17356 17356 W FileManager::BaseActivity: mChangedReceiver onReceive action = android.intent.action.BATTERY_CHANGED
10-29 12:43:22.894 17356 17356 W FileManager::BaseActivity: mChangedReceiver onReceive action = android.intent.action.BATTERY_CHANGED
10-29 12:43:24.200  2826  2826 D BoundBrokerSvc: onRebind: Intent { act=com.google.android.gms.auth.aang.events.services.START dat=chimera-action: cmp=com.google.android.gms/.chimera.PersistentApiService }
10-29 12:43:24.267 31584 31584 D BoundBrokerSvc: onBind: Intent { act=com.google.android.gms.semanticlocationhistory.zeroparty.service.START dat=chimera-action: cmp=com.google.android.gms/.chimera.GmsApiService }
10-29 12:43:24.267 31584 31584 D BoundBrokerSvc: Loading bound service for intent: Intent { act=com.google.android.gms.semanticlocationhistory.zeroparty.service.START dat=chimera-action: cmp=com.google.android.gms/.chimera.GmsApiService }
10-29 12:43:25.195  2826  2826 D BoundBrokerSvc: onRebind: Intent { act=com.google.android.gms.libs.gmscorelogger.service.START dat=chimera-action: cmp=com.google.android.gms/.chimera.PersistentDirectBootAwareApiService }
10-29 12:43:26.773 31584 31676 W ColorExSystemServiceHelper: checkColorExSystemService intent getComponent is null
10-29 12:43:29.039 17356 17356 W FileManager::BaseActivity: mChangedReceiver onReceive action = android.intent.action.BATTERY_CHANGED
10-29 12:43:29.040 17356 17356 W FileManager::BaseActivity: mChangedReceiver onReceive action = android.intent.action.BATTERY_CHANGED
10-29 12:43:31.779 31584 31676 W ColorExSystemServiceHelper: checkColorExSystemService intent getComponent is null
10-29 12:43:34.927 17356 17356 W FileManager::BaseActivity: mChangedReceiver onReceive action = android.intent.action.BATTERY_CHANGED
10-29 12:43:34.927 17356 17356 W FileManager::BaseActivity: mChangedReceiver onReceive action = android.intent.action.BATTERY_CHANGED
10-29 12:43:36.775 31584 31676 W ColorExSystemServiceHelper: checkColorExSystemService intent getComponent is null
10-29 12:43:39.251  2826  2826 D BoundBrokerSvc: onUnbind: Intent { act=com.google.android.gms.auth.aang.events.services.START dat=chimera-action: cmp=com.google.android.gms/.chimera.PersistentApiService }
10-29 12:43:39.303 31584 31584 D BoundBrokerSvc: onUnbind: Intent { act=com.google.android.gms.semanticlocationhistory.zeroparty.service.START dat=chimera-action: cmp=com.google.android.gms/.chimera.GmsApiService }
10-29 12:43:40.451  2826  2826 D BoundBrokerSvc: onUnbind: Intent { act=com.google.android.gms.libs.gmscorelogger.service.START dat=chimera-action: cmp=com.google.android.gms/.chimera.PersistentDirectBootAwareApiService }
10-29 12:43:41.075 17356 17356 W FileManager::BaseActivity: mChangedReceiver onReceive action = android.intent.action.BATTERY_CHANGED
10-29 12:43:41.075 17356 17356 W FileManager::BaseActivity: mChangedReceiver onReceive action = android.intent.action.BATTERY_CHANGED
10-29 12:43:41.776 31584 31676 W ColorExSystemServiceHelper: checkColorExSystemService intent getComponent is null
10-29 12:43:46.777 31584  4311 W ColorExSystemServiceHelper: checkColorExSystemService intent getComponent is null
10-29 12:43:46.960 17356 17356 W FileManager::BaseActivity: mChangedReceiver onReceive action = android.intent.action.BATTERY_CHANGED
10-29 12:43:46.960 17356 17356 W FileManager::BaseActivity: mChangedReceiver onReceive action = android.intent.action.BATTERY_CHANGED
10-29 12:43:51.778 31584  4311 W ColorExSystemServiceHelper: checkColorExSystemService intent getComponent is null
10-29 12:43:53.101 17356 17356 W FileManager::BaseActivity: mChangedReceiver onReceive action = android.intent.action.BATTERY_CHANGED
10-29 12:43:53.101 17356 17356 W FileManager::BaseActivity: mChangedReceiver onReceive action = android.intent.action.BATTERY_CHANGED
10-29 12:43:56.779 31584  4311 W ColorExSystemServiceHelper: checkColorExSystemService intent getComponent is null
10-29 12:43:58.990 17356 17356 W FileManager::BaseActivity: mChangedReceiver onReceive action = android.intent.action.BATTERY_CHANGED
10-29 12:43:58.991 17356 17356 W FileManager::BaseActivity: mChangedReceiver onReceive action = android.intent.action.BATTERY_CHANGED
10-29 12:44:01.779 31584 31676 W ColorExSystemServiceHelper: checkColorExSystemService intent getComponent is null
10-29 12:44:04.875 17356 17356 W FileManager::BaseActivity: mChangedReceiver onReceive action = android.intent.action.BATTERY_CHANGED
10-29 12:44:04.875 17356 17356 W FileManager::BaseActivity: mChangedReceiver onReceive action = android.intent.action.BATTERY_CHANGED
10-29 12:44:06.781 31584 31676 W ColorExSystemServiceHelper: checkColorExSystemService intent getComponent is null
10-29 12:44:11.025 17356 17356 W FileManager::BaseActivity: mChangedReceiver onReceive action = android.intent.action.BATTERY_CHANGED
10-29 12:44:11.025 17356 17356 W FileManager::BaseActivity: mChangedReceiver onReceive action = android.intent.action.BATTERY_CHANGED
10-29 12:44:11.783 31584 32679 W ColorExSystemServiceHelper: checkColorExSystemService intent getComponent is null
10-29 12:44:16.783 31584 31676 W ColorExSystemServiceHelper: checkColorExSystemService intent getComponent is null
10-29 12:44:21.784 31584 32679 W ColorExSystemServiceHelper: checkColorExSystemService intent getComponent is null
10-29 12:44:23.058 17356 17356 W FileManager::BaseActivity: mChangedReceiver onReceive action = android.intent.action.BATTERY_CHANGED
10-29 12:44:23.059 17356 17356 W FileManager::BaseActivity: mChangedReceiver onReceive action = android.intent.action.BATTERY_CHANGED
10-29 12:44:26.785 31584 32679 W ColorExSystemServiceHelper: checkColorExSystemService intent getComponent is null
10-29 12:44:28.948 17356 17356 W FileManager::BaseActivity: mChangedReceiver onReceive action = android.intent.action.BATTERY_CHANGED
10-29 12:44:28.948 17356 17356 W FileManager::BaseActivity: mChangedReceiver onReceive action = android.intent.action.BATTERY_CHANGED
10-29 12:44:31.786 31584 31676 W ColorExSystemServiceHelper: checkColorExSystemService intent getComponent is null
10-29 12:44:35.093 17356 17356 W FileManager::BaseActivity: mChangedReceiver onReceive action = android.intent.action.BATTERY_CHANGED
10-29 12:44:35.094 17356 17356 W FileManager::BaseActivity: mChangedReceiver onReceive action = android.intent.action.BATTERY_CHANGED
10-29 12:44:36.786 31584 31676 W ColorExSystemServiceHelper: checkColorExSystemService intent getComponent is null
10-29 12:44:40.979 17356 17356 W FileManager::BaseActivity: mChangedReceiver onReceive action = android.intent.action.BATTERY_CHANGED
10-29 12:44:40.979 17356 17356 W FileManager::BaseActivity: mChangedReceiver onReceive action = android.intent.action.BATTERY_CHANGED
10-29 12:44:41.786 31584 31676 W ColorExSystemServiceHelper: checkColorExSystemService intent getComponent is null
10-29 12:44:46.789 31584 32679 W ColorExSystemServiceHelper: checkColorExSystemService intent getComponent is null
10-29 12:44:48.681  2826  2826 D BoundBrokerSvc: onBind: Intent { act=com.google.android.gms.personalsafety.scanners.BleScheduler.ACTION_TASK_READY dat=chimera-action: cmp=com.google.android.gms/.chimera.PersistentInternalBoundBrokerService }
10-29 12:44:48.681  2826  2826 D BoundBrokerSvc: Loading bound service for intent: Intent { act=com.google.android.gms.personalsafety.scanners.BleScheduler.ACTION_TASK_READY dat=chimera-action: cmp=com.google.android.gms/.chimera.PersistentInternalBoundBrokerService }
10-29 12:44:48.693  2826  2826 D BoundBrokerSvc: onUnbind: Intent { act=com.google.android.gms.personalsafety.scanners.BleScheduler.ACTION_TASK_READY dat=chimera-action: cmp=com.google.android.gms/.chimera.PersistentInternalBoundBrokerService }
10-29 12:44:51.790 31584 32679 W ColorExSystemServiceHelper: checkColorExSystemService intent getComponent is null
10-29 12:44:53.010 17356 17356 W FileManager::BaseActivity: mChangedReceiver onReceive action = android.intent.action.BATTERY_CHANGED
10-29 12:44:53.011 17356 17356 W FileManager::BaseActivity: mChangedReceiver onReceive action = android.intent.action.BATTERY_CHANGED
10-29 12:44:56.791 31584 32679 W ColorExSystemServiceHelper: checkColorExSystemService intent getComponent is null
10-29 12:44:58.894 17356 17356 W FileManager::BaseActivity: mChangedReceiver onReceive action = android.intent.action.BATTERY_CHANGED
10-29 12:44:58.896 17356 17356 W FileManager::BaseActivity: mChangedReceiver onReceive action = android.intent.action.BATTERY_CHANGED
10-29 12:45:01.790 31584 32679 W ColorExSystemServiceHelper: checkColorExSystemService intent getComponent is null
10-29 12:45:05.039 17356 17356 W FileManager::BaseActivity: mChangedReceiver onReceive action = android.intent.action.BATTERY_CHANGED
10-29 12:45:05.040 17356 17356 W FileManager::BaseActivity: mChangedReceiver onReceive action = android.intent.action.BATTERY_CHANGED
10-29 12:45:06.793 31584 32679 W ColorExSystemServiceHelper: checkColorExSystemService intent getComponent is null
10-29 12:45:10.929 17356 17356 W FileManager::BaseActivity: mChangedReceiver onReceive action = android.intent.action.BATTERY_CHANGED
10-29 12:45:10.929 17356 17356 W FileManager::BaseActivity: mChangedReceiver onReceive action = android.intent.action.BATTERY_CHANGED
10-29 12:45:11.792 31584 32679 W ColorExSystemServiceHelper: checkColorExSystemService intent getComponent is null
10-29 12:45:16.790 31584 31676 W ColorExSystemServiceHelper: checkColorExSystemService intent getComponent is null
10-29 12:45:17.070 17356 17356 W FileManager::BaseActivity: mChangedReceiver onReceive action = android.intent.action.BATTERY_CHANGED
10-29 12:45:17.071 17356 17356 W FileManager::BaseActivity: mChangedReceiver onReceive action = android.intent.action.BATTERY_CHANGED
10-29 12:45:21.791 31584 31676 W ColorExSystemServiceHelper: checkColorExSystemService intent getComponent is null
10-29 12:45:22.960 17356 17356 W FileManager::BaseActivity: mChangedReceiver onReceive action = android.intent.action.BATTERY_CHANGED
10-29 12:45:22.960 17356 17356 W FileManager::BaseActivity: mChangedReceiver onReceive action = android.intent.action.BATTERY_CHANGED
10-29 12:45:26.793 31584 32679 W ColorExSystemServiceHelper: checkColorExSystemService intent getComponent is null
10-29 12:45:29.102 17356 17356 W FileManager::BaseActivity: mChangedReceiver onReceive action = android.intent.action.BATTERY_CHANGED
10-29 12:45:29.103 17356 17356 W FileManager::BaseActivity: mChangedReceiver onReceive action = android.intent.action.BATTERY_CHANGED
10-29 12:45:31.796 31584 32679 W ColorExSystemServiceHelper: checkColorExSystemService intent getComponent is null
10-29 12:45:34.993 17356 17356 W FileManager::BaseActivity: mChangedReceiver onReceive action = android.intent.action.BATTERY_CHANGED
10-29 12:45:34.995 17356 17356 W FileManager::BaseActivity: mChangedReceiver onReceive action = android.intent.action.BATTERY_CHANGED
10-29 12:45:36.791 31584 31676 W ColorExSystemServiceHelper: checkColorExSystemService intent getComponent is null
10-29 12:45:40.878 17356 17356 W FileManager::BaseActivity: mChangedReceiver onReceive action = android.intent.action.BATTERY_CHANGED
10-29 12:45:40.879 17356 17356 W FileManager::BaseActivity: mChangedReceiver onReceive action = android.intent.action.BATTERY_CHANGED
10-29 12:45:41.791 31584 31676 W ColorExSystemServiceHelper: checkColorExSystemService intent getComponent is null
10-29 12:45:46.793 31584 31676 W ColorExSystemServiceHelper: checkColorExSystemService intent getComponent is null
10-29 12:45:47.023 17356 17356 W FileManager::BaseActivity: mChangedReceiver onReceive action = android.intent.action.BATTERY_CHANGED
10-29 12:45:47.024 17356 17356 W FileManager::BaseActivity: mChangedReceiver onReceive action = android.intent.action.BATTERY_CHANGED
10-29 12:45:51.793 31584 32679 W ColorExSystemServiceHelper: checkColorExSystemService intent getComponent is null
10-29 12:45:52.910 17356 17356 W FileManager::BaseActivity: mChangedReceiver onReceive action = android.intent.action.BATTERY_CHANGED
10-29 12:45:52.910 17356 17356 W FileManager::BaseActivity: mChangedReceiver onReceive action = android.intent.action.BATTERY_CHANGED
10-29 12:45:56.793 31584 32679 W ColorExSystemServiceHelper: checkColorExSystemService intent getComponent is null
10-29 12:45:59.054 17356 17356 W FileManager::BaseActivity: mChangedReceiver onReceive action = android.intent.action.BATTERY_CHANGED
10-29 12:45:59.057 17356 17356 W FileManager::BaseActivity: mChangedReceiver onReceive action = android.intent.action.BATTERY_CHANGED
10-29 12:46:01.794 31584 32679 W ColorExSystemServiceHelper: checkColorExSystemService intent getComponent is null
10-29 12:46:04.942 17356 17356 W FileManager::BaseActivity: mChangedReceiver onReceive action = android.intent.action.BATTERY_CHANGED
10-29 12:46:04.942 17356 17356 W FileManager::BaseActivity: mChangedReceiver onReceive action = android.intent.action.BATTERY_CHANGED
10-29 12:46:06.154 31584 32679 W ColorExSystemServiceHelper: checkColorExSystemService intent getComponent is null
10-29 12:46:06.215 31584 31676 W ColorExSystemServiceHelper: checkColorExSystemService intent getComponent is null
10-29 12:46:06.793 31584 31676 W ColorExSystemServiceHelper: checkColorExSystemService intent getComponent is null
10-29 12:46:11.087 17356 17356 W FileManager::BaseActivity: mChangedReceiver onReceive action = android.intent.action.BATTERY_CHANGED
10-29 12:46:11.087 17356 17356 W FileManager::BaseActivity: mChangedReceiver onReceive action = android.intent.action.BATTERY_CHANGED
10-29 12:46:11.795 31584 31676 W ColorExSystemServiceHelper: checkColorExSystemService intent getComponent is null
10-29 12:46:16.794 31584 31676 W ColorExSystemServiceHelper: checkColorExSystemService intent getComponent is null
10-29 12:46:21.795 31584 31676 W ColorExSystemServiceHelper: checkColorExSystemService intent getComponent is null
10-29 12:46:23.119 17356 17356 W FileManager::BaseActivity: mChangedReceiver onReceive action = android.intent.action.BATTERY_CHANGED
10-29 12:46:23.120 17356 17356 W FileManager::BaseActivity: mChangedReceiver onReceive action = android.intent.action.BATTERY_CHANGED
10-29 12:46:26.796 31584 31676 W ColorExSystemServiceHelper: checkColorExSystemService intent getComponent is null
10-29 12:46:29.008 17356 17356 W FileManager::BaseActivity: mChangedReceiver onReceive action = android.intent.action.BATTERY_CHANGED
10-29 12:46:29.009 17356 17356 W FileManager::BaseActivity: mChangedReceiver onReceive action = android.intent.action.BATTERY_CHANGED
10-29 12:46:31.797 31584 31676 W ColorExSystemServiceHelper: checkColorExSystemService intent getComponent is null
10-29 12:46:34.894 17356 17356 W FileManager::BaseActivity: mChangedReceiver onReceive action = android.intent.action.BATTERY_CHANGED
10-29 12:46:34.895 17356 17356 W FileManager::BaseActivity: mChangedReceiver onReceive action = android.intent.action.BATTERY_CHANGED
10-29 12:46:36.797 31584 31676 W ColorExSystemServiceHelper: checkColorExSystemService intent getComponent is null
10-29 12:46:41.037 17356 17356 W FileManager::BaseActivity: mChangedReceiver onReceive action = android.intent.action.BATTERY_CHANGED
10-29 12:46:41.038 17356 17356 W FileManager::BaseActivity: mChangedReceiver onReceive action = android.intent.action.BATTERY_CHANGED
10-29 12:46:41.798 31584 31676 W ColorExSystemServiceHelper: checkColorExSystemService intent getComponent is null
10-29 12:46:46.797 31584 31676 W ColorExSystemServiceHelper: checkColorExSystemService intent getComponent is null
10-29 12:46:46.927 17356 17356 W FileManager::BaseActivity: mChangedReceiver onReceive action = android.intent.action.BATTERY_CHANGED
10-29 12:46:46.928 17356 17356 W FileManager::BaseActivity: mChangedReceiver onReceive action = android.intent.action.BATTERY_CHANGED
10-29 12:46:49.790   801   801 D SurfaceFlinger: Client::detachLayer this 0x77203f46c0, layer sequence 16244 eaaf0c6 Send Intent#0
10-29 12:46:51.803 31584  4311 W ColorExSystemServiceHelper: checkColorExSystemService intent getComponent is null
10-29 12:46:53.072 17356 17356 W FileManager::BaseActivity: mChangedReceiver onReceive action = android.intent.action.BATTERY_CHANGED
10-29 12:46:53.072 17356 17356 W FileManager::BaseActivity: mChangedReceiver onReceive action = android.intent.action.BATTERY_CHANGED
10-29 12:46:56.797 31584  4563 W ColorExSystemServiceHelper: checkColorExSystemService intent getComponent is null
10-29 12:47:01.796 31584 31744 W ColorExSystemServiceHelper: checkColorExSystemService intent getComponent is null
10-29 12:47:05.108 17356 17356 W FileManager::BaseActivity: mChangedReceiver onReceive action = android.intent.action.BATTERY_CHANGED
10-29 12:47:05.111 17356 17356 W FileManager::BaseActivity: mChangedReceiver onReceive action = android.intent.action.BATTERY_CHANGED
10-29 12:47:06.802 31584 32679 W ColorExSystemServiceHelper: checkColorExSystemService intent getComponent is null
10-29 12:47:10.991 17356 17356 W FileManager::BaseActivity: mChangedReceiver onReceive action = android.intent.action.BATTERY_CHANGED
10-29 12:47:10.992 17356 17356 W FileManager::BaseActivity: mChangedReceiver onReceive action = android.intent.action.BATTERY_CHANGED
10-29 12:47:11.797 31584  4311 W ColorExSystemServiceHelper: checkColorExSystemService intent getComponent is null
10-29 12:47:16.675 31584 31584 D BoundBrokerSvc: onUnbind: Intent { act=com.google.android.gms.appset.service.START dat=chimera-action: cmp=com.google.android.gms/.chimera.GmsApiService }
10-29 12:47:16.801 31584  4311 W ColorExSystemServiceHelper: checkColorExSystemService intent getComponent is null
10-29 12:47:16.879 17356 17356 W FileManager::BaseActivity: mChangedReceiver onReceive action = android.intent.action.BATTERY_CHANGED
10-29 12:47:16.880 17356 17356 W FileManager::BaseActivity: mChangedReceiver onReceive action = android.intent.action.BATTERY_CHANGED
10-29 12:47:21.801 31584 32679 W ColorExSystemServiceHelper: checkColorExSystemService intent getComponent is null
10-29 12:47:23.023 17356 17356 W FileManager::BaseActivity: mChangedReceiver onReceive action = android.intent.action.BATTERY_CHANGED
10-29 12:47:23.024 17356 17356 W FileManager::BaseActivity: mChangedReceiver onReceive action = android.intent.action.BATTERY_CHANGED
10-29 12:47:26.802 31584  4311 W ColorExSystemServiceHelper: checkColorExSystemService intent getComponent is null
10-29 12:47:28.911 17356 17356 W FileManager::BaseActivity: mChangedReceiver onReceive action = android.intent.action.BATTERY_CHANGED
10-29 12:47:28.911 17356 17356 W FileManager::BaseActivity: mChangedReceiver onReceive action = android.intent.action.BATTERY_CHANGED
10-29 12:47:31.804 31584  4311 W ColorExSystemServiceHelper: checkColorExSystemService intent getComponent is null
10-29 12:47:35.054 17356 17356 W FileManager::BaseActivity: mChangedReceiver onReceive action = android.intent.action.BATTERY_CHANGED
10-29 12:47:35.055 17356 17356 W FileManager::BaseActivity: mChangedReceiver onReceive action = android.intent.action.BATTERY_CHANGED
10-29 12:47:36.804 31584  4311 W ColorExSystemServiceHelper: checkColorExSystemService intent getComponent is null
10-29 12:47:40.940 17356 17356 W FileManager::BaseActivity: mChangedReceiver onReceive action = android.intent.action.BATTERY_CHANGED
10-29 12:47:40.940 17356 17356 W FileManager::BaseActivity: mChangedReceiver onReceive action = android.intent.action.BATTERY_CHANGED
10-29 12:47:41.804 31584 32679 W ColorExSystemServiceHelper: checkColorExSystemService intent getComponent is null
10-29 12:47:46.805 31584 32679 W ColorExSystemServiceHelper: checkColorExSystemService intent getComponent is null
10-29 12:47:47.088 17356 17356 W FileManager::BaseActivity: mChangedReceiver onReceive action = android.intent.action.BATTERY_CHANGED
10-29 12:47:47.088 17356 17356 W FileManager::BaseActivity: mChangedReceiver onReceive action = android.intent.action.BATTERY_CHANGED
10-29 12:47:51.806 31584  4311 W ColorExSystemServiceHelper: checkColorExSystemService intent getComponent is null
10-29 12:47:52.972 17356 17356 W FileManager::BaseActivity: mChangedReceiver onReceive action = android.intent.action.BATTERY_CHANGED
10-29 12:47:52.972 17356 17356 W FileManager::BaseActivity: mChangedReceiver onReceive action = android.intent.action.BATTERY_CHANGED
10-29 12:47:56.807 31584 32679 W ColorExSystemServiceHelper: checkColorExSystemService intent getComponent is null
10-29 12:47:59.117 17356 17356 W FileManager::BaseActivity: mChangedReceiver onReceive action = android.intent.action.BATTERY_CHANGED
10-29 12:47:59.118 17356 17356 W FileManager::BaseActivity: mChangedReceiver onReceive action = android.intent.action.BATTERY_CHANGED
10-29 12:48:01.808 31584 32679 W ColorExSystemServiceHelper: checkColorExSystemService intent getComponent is null
10-29 12:48:05.010 17356 17356 W FileManager::BaseActivity: mChangedReceiver onReceive action = android.intent.action.BATTERY_CHANGED
10-29 12:48:05.010 17356 17356 W FileManager::BaseActivity: mChangedReceiver onReceive action = android.intent.action.BATTERY_CHANGED
10-29 12:48:06.809 31584 32679 W ColorExSystemServiceHelper: checkColorExSystemService intent getComponent is null
10-29 12:48:10.900 17356 17356 W FileManager::BaseActivity: mChangedReceiver onReceive action = android.intent.action.BATTERY_CHANGED
10-29 12:48:10.901 17356 17356 W FileManager::BaseActivity: mChangedReceiver onReceive action = android.intent.action.BATTERY_CHANGED
10-29 12:48:11.810 31584  4311 W ColorExSystemServiceHelper: checkColorExSystemService intent getComponent is null
10-29 12:48:16.810 31584 32679 W ColorExSystemServiceHelper: checkColorExSystemService intent getComponent is null
10-29 12:48:17.040 17356 17356 W FileManager::BaseActivity: mChangedReceiver onReceive action = android.intent.action.BATTERY_CHANGED
10-29 12:48:17.040 17356 17356 W FileManager::BaseActivity: mChangedReceiver onReceive action = android.intent.action.BATTERY_CHANGED
10-29 12:48:21.815 31584 32679 W ColorExSystemServiceHelper: checkColorExSystemService intent getComponent is null
10-29 12:48:22.945 17356 17356 W FileManager::BaseActivity: mChangedReceiver onReceive action = android.intent.action.BATTERY_CHANGED
10-29 12:48:22.949 17356 17356 W FileManager::BaseActivity: mChangedReceiver onReceive action = android.intent.action.BATTERY_CHANGED
10-29 12:48:26.812 31584 31744 W ColorExSystemServiceHelper: checkColorExSystemService intent getComponent is null
10-29 12:48:29.069 17356 17356 W FileManager::BaseActivity: mChangedReceiver onReceive action = android.intent.action.BATTERY_CHANGED
10-29 12:48:29.069 17356 17356 W FileManager::BaseActivity: mChangedReceiver onReceive action = android.intent.action.BATTERY_CHANGED
10-29 12:48:29.838  3407  3407 D WindowManager: Add to mViews: DecorView@2f69c09[Send Intent], this = android.view.WindowManagerGlobal@99c5d30,pkg= com.arlosoft.macrodroid
10-29 12:48:29.842  3407  3407 D ViewRootImpl[Send Intent]: hardware acceleration = true , fakeHwAccelerated = false, sRendererDisabled = false, forceHwAccelerated = false, sSystemRendererDisabled = false
10-29 12:48:29.847   801   864 D DispPerfService: get hint proc=9a78323 Send Intent#0, idx=0 none
10-29 12:48:29.947   801   864 D DispPerfService: get hint proc=Send Intent#0, idx=0 none
10-29 12:48:29.948   801   864 I BufferQueueConsumer: [Send Intent#0](this:0x77201d5800,id:3656,api:0,p:-1,c:801) setConsumerName: Send Intent#0
10-29 12:48:29.948   801   864 D DispPerfService: get proc=Send Intent#0 none
10-29 12:48:29.948   801   864 I BufferQueueConsumer: [Send Intent#0](this:0x77201d5800,id:3656,api:0,p:-1,c:801) setDefaultBufferSize: width=1128 height=2345
10-29 12:48:29.959   801  2567 I BufferQueueProducer: [Send Intent#0](this:0x77201d5800,id:3656,api:1,p:3407,c:801) connect(P): api=1 producer=(3407:com.arlosoft.macrodroid) producerControlledByApp=false
10-29 12:48:30.002   801   864 D DispPerfService: onframeavailable pid=3407, slot=0, seq=16253, ret=0, name=com.arlosoft.macrodroid:Send Intent#0
10-29 12:48:30.038   801  1408 D DispPerfService: get hint proc=Surface(name=9a78323 Send Intent)/@0x659b020 - animation-leash#0, idx=0 none
10-29 12:48:30.083   801  2567 D DispPerfService: get hint proc=Surface(name=9a78323 Send Intent)/@0x659b020 - animation-leash#1, idx=0 none
10-29 12:48:30.086   801  2567 I BufferQueueConsumer: [Send Intent#0](this:0x77201d5800,id:3656,api:1,p:3407,c:801) setDefaultBufferSize: width=1128 height=2343
10-29 12:48:30.095   801   801 D SurfaceFlinger: Client::detachLayer this 0x77203f46c0, layer sequence 16254 Surface(name=9a78323 Send Intent)/@0x659b020 - animation-leash#0
10-29 12:48:30.109   801   863 I BufferQueueProducer: [Send Intent#0](this:0x77201d5800,id:3656,api:1,p:3407,c:801) disconnect(P): api 1
10-29 12:48:30.110   801   863 I BufferQueueProducer: [Send Intent#0](this:0x77201d5800,id:3656,api:1,p:3407,c:801) connect(P): api=1 producer=(3407:com.arlosoft.macrodroid) producerControlledByApp=false
10-29 12:48:30.541   801   801 D SurfaceFlinger: Client::detachLayer this 0x77203f46c0, layer sequence 16257 Surface(name=9a78323 Send Intent)/@0x659b020 - animation-leash#1
10-29 12:48:31.231   801   801 I BufferQueueConsumer: [Send Intent#0](this:0x77201d5800,id:3656,api:1,p:3407,c:801) acquireBuffer: slot 0 is dropped, handle=0x770a6e2e00
10-29 12:48:31.361  3407  3407 D WindowManager: Add to mViews: DecorView@5fc58a3[Send Intent], this = android.view.WindowManagerGlobal@99c5d30,pkg= com.arlosoft.macrodroid
10-29 12:48:31.363  3407  3407 D ViewRootImpl[Send Intent]: hardware acceleration = true , fakeHwAccelerated = false, sRendererDisabled = false, forceHwAccelerated = false, sSystemRendererDisabled = false
10-29 12:48:31.366   801   863 D DispPerfService: get hint proc=20f7b13 Send Intent#0, idx=0 none
10-29 12:48:31.381   801   863 I BufferQueueProducer: [Send Intent#0](this:0x77201d5800,id:3656,api:1,p:3407,c:801) disconnect(P): api 1
10-29 12:48:31.382  3407  3407 D View    : [Warning] assignParent to null: this = DecorView@2f69c09[Send Intent]
10-29 12:48:31.394   801   863 D DispPerfService: get hint proc=Surface(name=9a78323 Send Intent)/@0x659b020 - animation-leash#0, idx=0 none
10-29 12:48:31.402  1539  1553 E InputDispatcher: Window handle Window{9a78323 u0 Send Intent} has no registered input channel
10-29 12:48:31.419  1539  4394 E InputDispatcher: Window handle Window{9a78323 u0 Send Intent} has no registered input channel
10-29 12:48:31.435  1539  4394 E InputDispatcher: Window handle Window{9a78323 u0 Send Intent} has no registered input channel
10-29 12:48:31.452  1539  4394 E InputDispatcher: Window handle Window{9a78323 u0 Send Intent} has no registered input channel
10-29 12:48:31.469  1539  4394 E InputDispatcher: Window handle Window{9a78323 u0 Send Intent} has no registered input channel
10-29 12:48:31.540   801  2567 D DispPerfService: get hint proc=Send Intent#1, idx=0 none
10-29 12:48:31.540   801  2567 I BufferQueueConsumer: [Send Intent#1](this:0x770a525800,id:3657,api:0,p:-1,c:801) setConsumerName: Send Intent#1
10-29 12:48:31.541   801  2567 D DispPerfService: get proc=Send Intent#1 none
10-29 12:48:31.541   801  2567 I BufferQueueConsumer: [Send Intent#1](this:0x770a525800,id:3657,api:0,p:-1,c:801) setDefaultBufferSize: width=1272 height=2345
10-29 12:48:31.548   801   864 I BufferQueueProducer: [Send Intent#1](this:0x770a525800,id:3657,api:1,p:3407,c:801) connect(P): api=1 producer=(3407:com.arlosoft.macrodroid) producerControlledByApp=false
