10-29 12:48:31.598   801   801 I BufferQueue: [Send Intent#0](this:0x77201d5800,id:3656,api:1,p:-1,c:-1) ~BufferQueueCore
10-29 12:48:31.598   801   801 D SurfaceFlinger: Client::detachLayer this 0x77203f46c0, layer sequence 16253 Send Intent#0
10-29 12:48:31.599   801   801 D SurfaceFlinger: Client::detachLayer this 0x77203f46c0, layer sequence 16259 Surface(name=9a78323 Send Intent)/@0x659b020 - animation-leash#0
10-29 12:48:31.632   801   863 D DispPerfService: onframeavailable pid=3407, slot=3, seq=16261, ret=0, name=com.arlosoft.macrodroid:Send Intent#1
10-29 12:48:31.686   801  2567 D DispPerfService: get hint proc=Surface(name=20f7b13 Send Intent)/@0x9d0f35a - animation-leash#0, idx=0 none
10-29 12:48:31.817   801   863 D DispPerfService: get hint proc=Surface(name=20f7b13 Send Intent)/@0x9d0f35a - animation-leash#1, idx=0 none
10-29 12:48:31.818   801   863 I BufferQueueConsumer: [Send Intent#1](this:0x770a525800,id:3657,api:1,p:3407,c:801) setDefaultBufferSize: width=1272 height=2343
10-29 12:48:31.831   801   801 D SurfaceFlinger: Client::detachLayer this 0x77203f46c0, layer sequence 16262 Surface(name=20f7b13 Send Intent)/@0x9d0f35a - animation-leash#0
10-29 12:48:31.849   801  2566 I BufferQueueProducer: [Send Intent#1](this:0x770a525800,id:3657,api:1,p:3407,c:801) disconnect(P): api 1
10-29 12:48:31.852   801  2566 I BufferQueueProducer: [Send Intent#1](this:0x770a525800,id:3657,api:1,p:3407,c:801) connect(P): api=1 producer=(3407:com.arlosoft.macrodroid) producerControlledByApp=false
10-29 12:48:31.871 31584  4311 W ColorExSystemServiceHelper: checkColorExSystemService intent getComponent is null
10-29 12:48:32.263   801   801 D SurfaceFlinger: Client::detachLayer this 0x77203f46c0, layer sequence 16265 Surface(name=20f7b13 Send Intent)/@0x9d0f35a - animation-leash#1
10-29 12:48:34.973 17356 17356 W FileManager::BaseActivity: mChangedReceiver onReceive action = android.intent.action.BATTERY_CHANGED
10-29 12:48:34.974 17356 17356 W FileManager::BaseActivity: mChangedReceiver onReceive action = android.intent.action.BATTERY_CHANGED
10-29 12:48:36.814 31584  4311 W ColorExSystemServiceHelper: checkColorExSystemService intent getComponent is null
10-29 12:48:38.301   801  2567 I BufferQueueProducer: [Send Intent#1](this:0x770a525800,id:3657,api:1,p:3407,c:801) disconnect(P): api 1
10-29 12:48:38.302  3407  3407 D View    : [Warning] assignParent to null: this = DecorView@5fc58a3[Send Intent]
10-29 12:48:38.305   801  2567 D DispPerfService: get hint proc=Surface(name=20f7b13 Send Intent)/@0x9d0f35a - animation-leash#0, idx=0 none
10-29 12:48:38.321  1539  1615 E InputDispatcher: Window handle Window{20f7b13 u0 Send Intent} has no registered input channel
10-29 12:48:38.338  1539  2078 E InputDispatcher: Window handle Window{20f7b13 u0 Send Intent} has no registered input channel
10-29 12:48:38.355  1539  2078 E InputDispatcher: Window handle Window{20f7b13 u0 Send Intent} has no registered input channel
10-29 12:48:38.371  1539  1615 E InputDispatcher: Window handle Window{20f7b13 u0 Send Intent} has no registered input channel
10-29 12:48:38.520   801   801 I BufferQueue: [Send Intent#1](this:0x770a525800,id:3657,api:1,p:-1,c:-1) ~BufferQueueCore
10-29 12:48:38.520   801   801 D SurfaceFlinger: Client::detachLayer this 0x77203f46c0, layer sequence 16261 Send Intent#1
10-29 12:48:38.521   801   801 D SurfaceFlinger: Client::detachLayer this 0x77203f46c0, layer sequence 16266 Surface(name=20f7b13 Send Intent)/@0x9d0f35a - animation-leash#0
10-29 12:48:39.603 31584  4311 W ColorExSystemServiceHelper: checkColorExSystemService intent getComponent is null
10-29 12:48:39.607 31584 31744 W ColorExSystemServiceHelper: checkColorExSystemService intent getComponent is null
10-29 12:48:39.616 31584 31584 D BoundBrokerSvc: onBind: Intent { act=com.google.android.gms.measurement.START pkg=com.google.android.gms }
10-29 12:48:39.616 31584 31584 D BoundBrokerSvc: Loading bound service for intent: Intent { act=com.google.android.gms.measurement.START pkg=com.google.android.gms }
10-29 12:48:39.814 31584  4311 W ColorExSystemServiceHelper: checkColorExSystemService intent getComponent is null
10-29 12:48:39.878  2826  2826 D BoundBrokerSvc: onRebind: Intent { act=com.google.android.gms.common.telemetry.service.START dat=chimera-action: cmp=com.google.android.gms/.chimera.PersistentApiService }
10-29 12:48:39.881  2826  2826 D BoundBrokerSvc: onRebind: Intent { act=com.google.android.gms.presencemanager.service.START dat=chimera-action: cmp=com.google.android.gms/.chimera.PersistentApiService }
10-29 12:48:39.884  2826  2826 D BoundBrokerSvc: onRebind: Intent { act=com.google.android.gms.presencemanager.service.INTERNAL_IDENTITY dat=chimera-action: cmp=com.google.android.gms/.chimera.PersistentApiService }
10-29 12:48:41.101 17356 17356 W FileManager::BaseActivity: mChangedReceiver onReceive action = android.intent.action.BATTERY_CHANGED
10-29 12:48:41.101 17356 17356 W FileManager::BaseActivity: mChangedReceiver onReceive action = android.intent.action.BATTERY_CHANGED
10-29 12:48:43.159  2178  2178 D Launcher.LauncherClient: LauncherCallbacksImp.onHomeIntent, mOverlay:true, mClient:true, assistShowing:false
10-29 12:48:43.261  2178  2178 D Launcher.ColorWorkspace: getFirstMatchForAppClose: cachedClickedItemInfo = WorkspaceItemInfo(@be1c4ebid=87 type=APP container=desktop screen=0 cell(3,1) span(1,1) minSpan(1,1) rank=0 user=UserHandle{0} title=MacroDroid installStateType=-1 installSource=null component=ComponentInfo{com.arlosoft.macrodroid/com.arlosoft.macrodroid.intro.IntroActivity}, update=false, limit=false, runtime=110000000, status=0 intent=Intent { act=android.intent.action.MAIN cat=[android.intent.category.LAUNCHER] flg=0x10200000 cmp=com.arlosoft.macrodroid/.intro.IntroActivity bnds=[642,413][846,690] })
10-29 12:48:43.261  2178  2178 D Launcher.ColorWorkspace: ,info = WorkspaceItemInfo(@ffa1171id=28 type=APP container=hotseat screen=0 cell(0,0) span(1,1) minSpan(1,1) rank=0 user=UserHandle{0} title=Messages installStateType=-1 installSource=null component=ComponentInfo{com.android.mms/com.android.mms.ui.ConversationList}, update=false, limit=false, runtime=101000000, status=0 intent=Intent { act=android.intent.action.MAIN cat=[android.intent.category.LAUNCHER] flg=0x10200000 cmp=com.android.mms/.ui.ConversationList })
10-29 12:48:43.261  2178  2178 D Launcher.ColorWorkspace: getFirstMatchForAppClose: cachedClickedItemInfo = WorkspaceItemInfo(@be1c4ebid=87 type=APP container=desktop screen=0 cell(3,1) span(1,1) minSpan(1,1) rank=0 user=UserHandle{0} title=MacroDroid installStateType=-1 installSource=null component=ComponentInfo{com.arlosoft.macrodroid/com.arlosoft.macrodroid.intro.IntroActivity}, update=false, limit=false, runtime=110000000, status=0 intent=Intent { act=android.intent.action.MAIN cat=[android.intent.category.LAUNCHER] flg=0x10200000 cmp=com.arlosoft.macrodroid/.intro.IntroActivity bnds=[642,413][846,690] })
10-29 12:48:43.261  2178  2178 D Launcher.ColorWorkspace: ,info = WorkspaceItemInfo(@d300b56id=27 type=APP container=hotseat screen=1 cell(1,0) span(1,1) minSpan(1,1) rank=0 user=UserHandle{0} title=Phone installStateType=-1 installSource=null component=ComponentInfo{com.android.contacts/com.android.contacts.DialtactsActivityAlias}, update=false, limit=false, runtime=101000000, status=0 intent=Intent { act=android.intent.action.MAIN cat=[android.intent.category.LAUNCHER] flg=0x10200000 cmp=com.android.contacts/.DialtactsActivityAlias })
10-29 12:48:43.261  2178  2178 D Launcher.ColorWorkspace: getFirstMatchForAppClose: cachedClickedItemInfo = WorkspaceItemInfo(@be1c4ebid=87 type=APP container=desktop screen=0 cell(3,1) span(1,1) minSpan(1,1) rank=0 user=UserHandle{0} title=MacroDroid installStateType=-1 installSource=null component=ComponentInfo{com.arlosoft.macrodroid/com.arlosoft.macrodroid.intro.IntroActivity}, update=false, limit=false, runtime=110000000, status=0 intent=Intent { act=android.intent.action.MAIN cat=[android.intent.category.LAUNCHER] flg=0x10200000 cmp=com.arlosoft.macrodroid/.intro.IntroActivity bnds=[642,413][846,690] })
10-29 12:48:43.261  2178  2178 D Launcher.ColorWorkspace: ,info = WorkspaceItemInfo(@b6d37d7id=29 type=APP container=hotseat screen=2 cell(2,0) span(1,1) minSpan(1,1) rank=0 user=UserHandle{0} title=Chrome installStateType=-1 installSource=null component=ComponentInfo{com.android.chrome/com.google.android.apps.chrome.Main}, update=false, limit=false, runtime=101000000, status=0 intent=Intent { act=android.intent.action.MAIN cat=[android.intent.category.LAUNCHER] flg=0x10200000 cmp=com.android.chrome/com.google.android.apps.chrome.Main bnds=[438,1860][642,2076] })
10-29 12:48:43.261  2178  2178 D Launcher.ColorWorkspace: getFirstMatchForAppClose: cachedClickedItemInfo = WorkspaceItemInfo(@be1c4ebid=87 type=APP container=desktop screen=0 cell(3,1) span(1,1) minSpan(1,1) rank=0 user=UserHandle{0} title=MacroDroid installStateType=-1 installSource=null component=ComponentInfo{com.arlosoft.macrodroid/com.arlosoft.macrodroid.intro.IntroActivity}, update=false, limit=false, runtime=110000000, status=0 intent=Intent { act=android.intent.action.MAIN cat=[android.intent.category.LAUNCHER] flg=0x10200000 cmp=com.arlosoft.macrodroid/.intro.IntroActivity bnds=[642,413][846,690] })
10-29 12:48:43.261  2178  2178 D Launcher.ColorWorkspace: ,info = WorkspaceItemInfo(@bce78c4id=31 type=APP container=hotseat screen=4 cell(4,0) span(1,1) minSpan(1,1) rank=0 user=UserHandle{0} title=Camera installStateType=-1 installSource=null component=ComponentInfo{com.oppo.camera/com.oppo.camera.Camera}, update=false, limit=false, runtime=101000000, status=0 intent=Intent { act=android.intent.action.MAIN cat=[android.intent.category.LAUNCHER] flg=0x10200000 cmp=com.oppo.camera/.Camera })
10-29 12:48:43.261  2178  2178 D Launcher.ColorWorkspace: getFirstMatchForAppClose: cachedClickedItemInfo = WorkspaceItemInfo(@be1c4ebid=87 type=APP container=desktop screen=0 cell(3,1) span(1,1) minSpan(1,1) rank=0 user=UserHandle{0} title=MacroDroid installStateType=-1 installSource=null component=ComponentInfo{com.arlosoft.macrodroid/com.arlosoft.macrodroid.intro.IntroActivity}, update=false, limit=false, runtime=110000000, status=0 intent=Intent { act=android.intent.action.MAIN cat=[android.intent.category.LAUNCHER] flg=0x10200000 cmp=com.arlosoft.macrodroid/.intro.IntroActivity bnds=[642,413][846,690] })
10-29 12:48:43.261  2178  2178 D Launcher.ColorWorkspace: ,info = WorkspaceItemInfo(@b221c5cid=46 type=APP container=desktop screen=0 cell(0,1) span(1,1) minSpan(1,1) rank=0 user=UserHandle{0} title=Open Camera installStateType=-1 installSource=null component=ComponentInfo{net.sourceforge.opencamera/net.sourceforge.opencamera.MainActivity}, update=false, limit=false, runtime=110000000, status=0 intent=Intent { act=android.intent.action.MAIN cat=[android.intent.category.LAUNCHER] flg=0x10200000 cmp=net.sourceforge.opencamera/.MainActivity bnds=[30,413][234,690] })
10-29 12:48:43.261  2178  2178 D Launcher.ColorWorkspace: getFirstMatchForAppClose: cachedClickedItemInfo = WorkspaceItemInfo(@be1c4ebid=87 type=APP container=desktop screen=0 cell(3,1) span(1,1) minSpan(1,1) rank=0 user=UserHandle{0} title=MacroDroid installStateType=-1 installSource=null component=ComponentInfo{com.arlosoft.macrodroid/com.arlosoft.macrodroid.intro.IntroActivity}, update=false, limit=false, runtime=110000000, status=0 intent=Intent { act=android.intent.action.MAIN cat=[android.intent.category.LAUNCHER] flg=0x10200000 cmp=com.arlosoft.macrodroid/.intro.IntroActivity bnds=[642,413][846,690] })
10-29 12:48:43.261  2178  2178 D Launcher.ColorWorkspace: ,info = WorkspaceItemInfo(@421103aid=85 type=APP container=desktop screen=0 cell(2,1) span(1,1) minSpan(1,1) rank=0 user=UserHandle{0} title=Monkey City installStateType=-1 installSource=null component=ComponentInfo{com.ninjakiwi.monkeycity/com.ninjakiwi.MainActivityGradle}, update=false, limit=false, runtime=110000000, status=0 intent=Intent { act=android.intent.action.MAIN cat=[android.intent.category.LAUNCHER] flg=0x10200000 cmp=com.ninjakiwi.monkeycity/com.ninjakiwi.MainActivityGradle bnds=[438,413][642,690] })
10-29 12:48:43.261  2178  2178 D Launcher.ColorWorkspace: getFirstMatchForAppClose: cachedClickedItemInfo = WorkspaceItemInfo(@be1c4ebid=87 type=APP container=desktop screen=0 cell(3,1) span(1,1) minSpan(1,1) rank=0 user=UserHandle{0} title=MacroDroid installStateType=-1 installSource=null component=ComponentInfo{com.arlosoft.macrodroid/com.arlosoft.macrodroid.intro.IntroActivity}, update=false, limit=false, runtime=110000000, status=0 intent=Intent { act=android.intent.action.MAIN cat=[android.intent.category.LAUNCHER] flg=0x10200000 cmp=com.arlosoft.macrodroid/.intro.IntroActivity bnds=[642,413][846,690] })
10-29 12:48:43.261  2178  2178 D Launcher.ColorWorkspace: ,info = WorkspaceItemInfo(@be1c4ebid=87 type=APP container=desktop screen=0 cell(3,1) span(1,1) minSpan(1,1) rank=0 user=UserHandle{0} title=MacroDroid installStateType=-1 installSource=null component=ComponentInfo{com.arlosoft.macrodroid/com.arlosoft.macrodroid.intro.IntroActivity}, update=false, limit=false, runtime=110000000, status=0 intent=Intent { act=android.intent.action.MAIN cat=[android.intent.category.LAUNCHER] flg=0x10200000 cmp=com.arlosoft.macrodroid/.intro.IntroActivity bnds=[642,413][846,690] })
10-29 12:48:43.917 31584 31584 D BoundBrokerSvc: onBind: Intent { act=com.google.android.gms.appset.service.START dat=chimera-action: cmp=com.google.android.gms/.chimera.GmsApiService }
10-29 12:48:43.918 31584 31584 D BoundBrokerSvc: Loading bound service for intent: Intent { act=com.google.android.gms.appset.service.START dat=chimera-action: cmp=com.google.android.gms/.chimera.GmsApiService }
10-29 12:48:44.026   801   801 D SurfaceFlinger: Client::detachLayer this 0x77203f46c0, layer sequence 16252 9a78323 Send Intent#0
10-29 12:48:44.026   801   801 D SurfaceFlinger: Client::detachLayer this 0x77203f46c0, layer sequence 16258 20f7b13 Send Intent#0
10-29 12:48:44.167  2178  2178 D Launcher.ItemClickHandler: onClick, tag = WorkspaceItemInfo(@1e2a248id=86 type=APP container=desktop screen=0 cell(0,2) span(1,1) minSpan(1,1) rank=0 user=UserHandle{0} title=Automate installStateType=-1 installSource=null component=ComponentInfo{com.llamalab.automate/com.llamalab.automate.FlowListActivity}, update=false, limit=false, runtime=110000000, status=0 intent=Intent { act=android.intent.action.MAIN cat=[android.intent.category.LAUNCHER] flg=0x10200000 cmp=com.llamalab.automate/.FlowListActivity bnds=[30,690][234,967] })
10-29 12:48:44.312 30851  5039 W ColorExSystemServiceHelper: checkColorExSystemService intent getComponent is null
10-29 12:48:44.899  2826  2826 D BoundBrokerSvc: onUnbind: Intent { act=com.google.android.gms.common.telemetry.service.START dat=chimera-action: cmp=com.google.android.gms/.chimera.PersistentApiService }
10-29 12:48:46.991 17356 17356 W FileManager::BaseActivity: mChangedReceiver onReceive action = android.intent.action.BATTERY_CHANGED
10-29 12:48:46.992 17356 17356 W FileManager::BaseActivity: mChangedReceiver onReceive action = android.intent.action.BATTERY_CHANGED
10-29 12:48:47.004 30851 30955 W ColorExSystemServiceHelper: checkColorExSystemService intent getComponent is null
10-29 12:48:47.332  2826  2826 D BoundBrokerSvc: onRebind: Intent { act=com.google.android.gms.common.telemetry.service.START dat=chimera-action: cmp=com.google.android.gms/.chimera.PersistentApiService }
10-29 12:48:47.349 31584 31584 D BoundBrokerSvc: onBind: Intent { act=com.google.android.gms.chimera.container.moduleinstall.ModuleInstallService.START dat=chimera-action: cmp=com.google.android.gms/.chimera.GmsApiService }
10-29 12:48:47.349 31584 31584 D BoundBrokerSvc: Loading bound service for intent: Intent { act=com.google.android.gms.chimera.container.moduleinstall.ModuleInstallService.START dat=chimera-action: cmp=com.google.android.gms/.chimera.GmsApiService }
10-29 12:48:50.864  2178  2178 D Launcher.Launcher.Model: onShortcutsChanged, pkg = com.arlosoft.macrodroid, shortcuts = [ShortcutInfo {id=***, flags=0x699 [DynIc-fKeyStrRets], packageName=com.arlosoft.macrodroid, activity=ComponentInfo{com.arlosoft.macrodroid/com.arlosoft.macrodroid.intro.IntroActivity}, shortLabel=***, resId=0[null], longLabel=***, resId=0[null], disabledMessage=***, resId=0[null], disabledReason=[Not disabled], categories=null, persons=null, icon=null, rank=0, timestamp=1761756530845, intents=null, extras=null}], user = UserHandle{0}
10-29 12:48:51.642  2178  2178 D Launcher.Launcher.Model: onShortcutsChanged, pkg = com.arlosoft.macrodroid, shortcuts = [ShortcutInfo {id=***, flags=0x699 [DynIc-fKeyStrRets], packageName=com.arlosoft.macrodroid, activity=ComponentInfo{com.arlosoft.macrodroid/com.arlosoft.macrodroid.intro.IntroActivity}, shortLabel=***, resId=0[null], longLabel=***, resId=0[null], disabledMessage=***, resId=0[null], disabledReason=[Not disabled], categories=null, persons=null, icon=null, rank=0, timestamp=1761756531629, intents=null, extras=null}], user = UserHandle{0}
10-29 12:48:51.673  2178  2178 D Launcher.Launcher.Model: onShortcutsChanged, pkg = com.arlosoft.macrodroid, shortcuts = [ShortcutInfo {id=***, flags=0x699 [DynIc-fKeyStrRets], packageName=com.arlosoft.macrodroid, activity=ComponentInfo{com.arlosoft.macrodroid/com.arlosoft.macrodroid.intro.IntroActivity}, shortLabel=***, resId=0[null], longLabel=***, resId=0[null], disabledMessage=***, resId=0[null], disabledReason=[Not disabled], categories=null, persons=null, icon=null, rank=0, timestamp=1761756531644, intents=null, extras=null}], user = UserHandle{0}
10-29 12:48:51.712 30851 30955 W ColorExSystemServiceHelper: checkColorExSystemService intent getComponent is null
10-29 12:48:52.366  2826  2826 D BoundBrokerSvc: onUnbind: Intent { act=com.google.android.gms.common.telemetry.service.START dat=chimera-action: cmp=com.google.android.gms/.chimera.PersistentApiService }
10-29 12:48:52.468  2826  2826 D BoundBrokerSvc: onRebind: Intent { act=com.google.android.gms.common.telemetry.service.START dat=chimera-action: cmp=com.google.android.gms/.chimera.PersistentApiService }
10-29 12:48:52.707  2826  2826 D BoundBrokerSvc: onUnbind: Intent { act=com.google.android.gms.common.telemetry.service.START dat=chimera-action: cmp=com.google.android.gms/.chimera.PersistentApiService }
10-29 12:48:52.877 17356 17356 W FileManager::BaseActivity: mChangedReceiver onReceive action = android.intent.action.BATTERY_CHANGED
10-29 12:48:52.878 17356 17356 W FileManager::BaseActivity: mChangedReceiver onReceive action = android.intent.action.BATTERY_CHANGED
10-29 12:48:54.923  2826  2826 D BoundBrokerSvc: onUnbind: Intent { act=com.google.android.gms.presencemanager.service.START dat=chimera-action: cmp=com.google.android.gms/.chimera.PersistentApiService }
10-29 12:48:54.929  2826  2826 D BoundBrokerSvc: onUnbind: Intent { act=com.google.android.gms.presencemanager.service.INTERNAL_IDENTITY dat=chimera-action: cmp=com.google.android.gms/.chimera.PersistentApiService }
10-29 12:48:55.163 31584 31584 D BoundBrokerSvc: onUnbind: Intent { act=com.google.android.gms.measurement.START pkg=com.google.android.gms }
10-29 12:48:59.015  1539  1539 D OppoBaseBatteryService: send broadcast : oppo.intent.action.BATTERY_DATA_UPDATE
10-29 12:48:59.026 17356 17356 W FileManager::BaseActivity: mChangedReceiver onReceive action = android.intent.action.BATTERY_CHANGED
10-29 12:48:59.026 17356 17356 W FileManager::BaseActivity: mChangedReceiver onReceive action = android.intent.action.BATTERY_CHANGED
10-29 12:49:04.902  1539  1539 D OppoBaseBatteryService: send broadcast : oppo.intent.action.BATTERY_DATA_UPDATE
10-29 12:49:04.912 17356 17356 W FileManager::BaseActivity: mChangedReceiver onReceive action = android.intent.action.BATTERY_CHANGED
10-29 12:49:04.913 17356 17356 W FileManager::BaseActivity: mChangedReceiver onReceive action = android.intent.action.BATTERY_CHANGED
10-29 12:49:11.041  1539  1539 D OppoBaseBatteryService: send broadcast : oppo.intent.action.BATTERY_DATA_UPDATE
10-29 12:49:11.044 17356 17356 W FileManager::BaseActivity: mChangedReceiver onReceive action = android.intent.action.BATTERY_CHANGED
10-29 12:49:11.044 17356 17356 W FileManager::BaseActivity: mChangedReceiver onReceive action = android.intent.action.BATTERY_CHANGED
10-29 12:49:12.467  2178  2178 D Launcher.Launcher.Model: onShortcutsChanged, pkg = com.arlosoft.macrodroid, shortcuts = [ShortcutInfo {id=***, flags=0x699 [DynIc-fKeyStrRets], packageName=com.arlosoft.macrodroid, activity=ComponentInfo{com.arlosoft.macrodroid/com.arlosoft.macrodroid.intro.IntroActivity}, shortLabel=***, resId=0[null], longLabel=***, resId=0[null], disabledMessage=***, resId=0[null], disabledReason=[Not disabled], categories=null, persons=null, icon=null, rank=0, timestamp=1761756552440, intents=null, extras=null}], user = UserHandle{0}
10-29 12:49:12.509  1539  4394 V AlarmManager: set(PendingIntent{33d79d5: PendingIntentRecord{b6a33ae com.arlosoft.macrodroid broadcastIntent}}) : type=0 when=1761756557508whenElapsed49087381maxWhen =49087381 win=0 interval=0 flags=0x4 pkg = com.arlosoft.macrodroid
10-29 12:49:12.573  1539  3226 I ActivityTaskManager: START u0 {act=com.llamalab.automate.intent.action.START_ACTIVITY dat=content://com.llamalab.automate.provider/flows/8/fibers/92/statements/13 flg=0x100d0000 cmp=com.llamalab.automate/.StartActivityForResultActivity (has extras) mCallingUid=10265} from uid 10265 and from pid 3161
10-29 12:49:13.251  2178  2178 D Launcher.Launcher.Model: onShortcutsChanged, pkg = com.arlosoft.macrodroid, shortcuts = [ShortcutInfo {id=***, flags=0xe99 [DynIc-fPensKeyStrRets], packageName=com.arlosoft.macrodroid, activity=ComponentInfo{com.arlosoft.macrodroid/com.arlosoft.macrodroid.intro.IntroActivity}, shortLabel=***, resId=0[null], longLabel=***, resId=0[null], disabledMessage=***, resId=0[null], disabledReason=[Not disabled], categories=null, persons=null, icon=null, rank=0, timestamp=1761756553242, intents=null, extras=null}], user = UserHandle{0}
10-29 12:49:13.266  2178  2178 D Launcher.Launcher.Model: onShortcutsChanged, pkg = com.arlosoft.macrodroid, shortcuts = [ShortcutInfo {id=***, flags=0xe99 [DynIc-fPensKeyStrRets], packageName=com.arlosoft.macrodroid, activity=ComponentInfo{com.arlosoft.macrodroid/com.arlosoft.macrodroid.intro.IntroActivity}, shortLabel=***, resId=0[null], longLabel=***, resId=0[null], disabledMessage=***, resId=0[null], disabledReason=[Not disabled], categories=null, persons=null, icon=null, rank=0, timestamp=1761756553261, intents=null, extras=null}], user = UserHandle{0}
10-29 12:49:13.357 30851 30955 W ColorExSystemServiceHelper: checkColorExSystemService intent getComponent is null
10-29 12:49:13.638  2826  2826 D BoundBrokerSvc: onRebind: Intent { act=com.google.android.gms.common.telemetry.service.START dat=chimera-action: cmp=com.google.android.gms/.chimera.PersistentApiService }
10-29 12:49:16.935  1539  1539 D OppoBaseBatteryService: send broadcast : oppo.intent.action.BATTERY_DATA_UPDATE
10-29 12:49:16.945 17356 17356 W FileManager::BaseActivity: mChangedReceiver onReceive action = android.intent.action.BATTERY_CHANGED
10-29 12:49:16.945 17356 17356 W FileManager::BaseActivity: mChangedReceiver onReceive action = android.intent.action.BATTERY_CHANGED
10-29 12:49:18.708  2826  2826 D BoundBrokerSvc: onUnbind: Intent { act=com.google.android.gms.common.telemetry.service.START dat=chimera-action: cmp=com.google.android.gms/.chimera.PersistentApiService }
10-29 12:49:19.010  2178  2178 D Launcher.Launcher.Model: onShortcutsChanged, pkg = com.arlosoft.macrodroid, shortcuts = [ShortcutInfo {id=***, flags=0x699 [DynIc-fKeyStrRets], packageName=com.arlosoft.macrodroid, activity=ComponentInfo{com.arlosoft.macrodroid/com.arlosoft.macrodroid.intro.IntroActivity}, shortLabel=***, resId=0[null], longLabel=***, resId=0[null], disabledMessage=***, resId=0[null], disabledReason=[Not disabled], categories=null, persons=null, icon=null, rank=0, timestamp=1761756558988, intents=null, extras=null}], user = UserHandle{0}
10-29 12:49:19.023  1539  1553 V AlarmManager: set(PendingIntent{6c42e47: PendingIntentRecord{b6a33ae com.arlosoft.macrodroid broadcastIntent}}) : type=0 when=1761756564022whenElapsed49093895maxWhen =49093895 win=0 interval=0 flags=0x4 pkg = com.arlosoft.macrodroid
10-29 12:49:19.069  1539  1553 I ActivityTaskManager: START u0 {act=com.llamalab.automate.intent.action.START_ACTIVITY dat=content://com.llamalab.automate.provider/flows/8/fibers/92/statements/13 flg=0x100d0000 cmp=com.llamalab.automate/.StartActivityForResultActivity (has extras) mCallingUid=10265} from uid 10265 and from pid 3161
10-29 12:49:19.826  2178  2178 D Launcher.Launcher.Model: onShortcutsChanged, pkg = com.arlosoft.macrodroid, shortcuts = [ShortcutInfo {id=***, flags=0x699 [DynIc-fKeyStrRets], packageName=com.arlosoft.macrodroid, activity=ComponentInfo{com.arlosoft.macrodroid/com.arlosoft.macrodroid.intro.IntroActivity}, shortLabel=***, resId=0[null], longLabel=***, resId=0[null], disabledMessage=***, resId=0[null], disabledReason=[Not disabled], categories=null, persons=null, icon=null, rank=0, timestamp=1761756559772, intents=null, extras=null}], user = UserHandle{0}
10-29 12:49:19.829  2178  2178 D Launcher.Launcher.Model: onShortcutsChanged, pkg = com.arlosoft.macrodroid, shortcuts = [ShortcutInfo {id=***, flags=0x699 [DynIc-fKeyStrRets], packageName=com.arlosoft.macrodroid, activity=ComponentInfo{com.arlosoft.macrodroid/com.arlosoft.macrodroid.intro.IntroActivity}, shortLabel=***, resId=0[null], longLabel=***, resId=0[null], disabledMessage=***, resId=0[null], disabledReason=[Not disabled], categories=null, persons=null, icon=null, rank=0, timestamp=1761756559772, intents=null, extras=null}], user = UserHandle{0}
10-29 12:49:19.875 30851 30955 W ColorExSystemServiceHelper: checkColorExSystemService intent getComponent is null
10-29 12:49:20.208  2826  2826 D BoundBrokerSvc: onRebind: Intent { act=com.google.android.gms.common.telemetry.service.START dat=chimera-action: cmp=com.google.android.gms/.chimera.PersistentApiService }
10-29 12:49:23.080  1539  1539 D OppoBaseBatteryService: send broadcast : oppo.intent.action.BATTERY_DATA_UPDATE
10-29 12:49:23.091 17356 17356 W FileManager::BaseActivity: mChangedReceiver onReceive action = android.intent.action.BATTERY_CHANGED
10-29 12:49:23.092 17356 17356 W FileManager::BaseActivity: mChangedReceiver onReceive action = android.intent.action.BATTERY_CHANGED
10-29 12:49:25.240  2826  2826 D BoundBrokerSvc: onUnbind: Intent { act=com.google.android.gms.common.telemetry.service.START dat=chimera-action: cmp=com.google.android.gms/.chimera.PersistentApiService }
10-29 12:49:28.965  1539  1539 D OppoBaseBatteryService: send broadcast : oppo.intent.action.BATTERY_DATA_UPDATE
10-29 12:49:28.974 17356 17356 W FileManager::BaseActivity: mChangedReceiver onReceive action = android.intent.action.BATTERY_CHANGED
10-29 12:49:28.975 17356 17356 W FileManager::BaseActivity: mChangedReceiver onReceive action = android.intent.action.BATTERY_CHANGED
10-29 12:49:34.545  2826  2826 D BoundBrokerSvc: onRebind: Intent { act=com.google.android.gms.common.telemetry.service.START dat=chimera-action: cmp=com.google.android.gms/.chimera.PersistentApiService }
10-29 12:49:35.109  1539  1539 D OppoBaseBatteryService: send broadcast : oppo.intent.action.BATTERY_DATA_UPDATE
10-29 12:49:35.120 17356 17356 W FileManager::BaseActivity: mChangedReceiver onReceive action = android.intent.action.BATTERY_CHANGED
10-29 12:49:35.121 17356 17356 W FileManager::BaseActivity: mChangedReceiver onReceive action = android.intent.action.BATTERY_CHANGED
10-29 12:49:35.474  1539  6227 V AlarmManager: set(PendingIntent{5a7889a: PendingIntentRecord{51045cb com.google.android.gms broadcastIntent}}) : type=3 when=49105342whenElapsed49110346maxWhen =49110346 win=0 interval=0 flags=0x0 pkg = com.google.android.gms
10-29 12:49:36.106  1539  6227 V AlarmManager: set(PendingIntent{5aee4d8: PendingIntentRecord{c417031 com.google.android.gms broadcastIntent}}) : type=2 when=49225954whenElapsed49225954maxWhen =49315936 win=89982 interval=0 flags=0x8 pkg = com.google.android.gms
10-29 12:49:39.576  2826  2826 D BoundBrokerSvc: onUnbind: Intent { act=com.google.android.gms.common.telemetry.service.START dat=chimera-action: cmp=com.google.android.gms/.chimera.PersistentApiService }
10-29 12:49:40.997  1539  1539 D OppoBaseBatteryService: send broadcast : oppo.intent.action.BATTERY_DATA_UPDATE
10-29 12:49:41.006 17356 17356 W FileManager::BaseActivity: mChangedReceiver onReceive action = android.intent.action.BATTERY_CHANGED
10-29 12:49:41.006 17356 17356 W FileManager::BaseActivity: mChangedReceiver onReceive action = android.intent.action.BATTERY_CHANGED
10-29 12:49:46.887  1539  1539 D OppoBaseBatteryService: send broadcast : oppo.intent.action.BATTERY_DATA_UPDATE
10-29 12:49:46.896 17356 17356 W FileManager::BaseActivity: mChangedReceiver onReceive action = android.intent.action.BATTERY_CHANGED
10-29 12:49:46.896 17356 17356 W FileManager::BaseActivity: mChangedReceiver onReceive action = android.intent.action.BATTERY_CHANGED
10-29 12:49:48.723  1539  2078 V AlarmManager: set(PendingIntent{87976f0: PendingIntentRecord{b94f469 com.google.android.gms startService}}) : type=3 when=315409118594whenElapsed315409118594maxWhen =551929118593 win=236519999999 interval=0 flags=0x8 pkg = com.google.android.gms
10-29 12:49:48.777  1539  1554 V AlarmManager: set(PendingIntent{8ff6e25: PendingIntentRecord{7d745a com.google.android.gms broadcastIntent}}) : type=3 when=50495926whenElapsed50495926maxWhen =51528883 win=1032957 interval=0 flags=0x0 pkg = com.google.android.gms
10-29 12:49:48.783  2826  2826 D BoundBrokerSvc: onBind: Intent { act=com.google.android.gms.personalsafety.scanners.BleScheduler.ACTION_TASK_READY dat=chimera-action: cmp=com.google.android.gms/.chimera.PersistentInternalBoundBrokerService }
10-29 12:49:48.783  2826  2826 D BoundBrokerSvc: Loading bound service for intent: Intent { act=com.google.android.gms.personalsafety.scanners.BleScheduler.ACTION_TASK_READY dat=chimera-action: cmp=com.google.android.gms/.chimera.PersistentInternalBoundBrokerService }
10-29 12:49:48.794  2826  2826 D BoundBrokerSvc: onUnbind: Intent { act=com.google.android.gms.personalsafety.scanners.BleScheduler.ACTION_TASK_READY dat=chimera-action: cmp=com.google.android.gms/.chimera.PersistentInternalBoundBrokerService }
10-29 12:49:48.806  1539  1554 V AlarmManager: set(PendingIntent{913408: PendingIntentRecord{7d745a com.google.android.gms broadcastIntent}}) : type=3 when=49418667whenElapsed49418667maxWhen =49643658 win=224991 interval=0 flags=0x0 pkg = com.google.android.gms
10-29 12:49:48.866  1539  1554 V AlarmManager: set(PendingIntent{7cbd187: PendingIntentRecord{7d745a com.google.android.gms broadcastIntent}}) : type=3 when=49418667whenElapsed49418667maxWhen =49643613 win=224946 interval=0 flags=0x0 pkg = com.google.android.gms
10-29 12:49:48.875  2826  2826 D BoundBrokerSvc: onBind: Intent { act=com.google.android.gms.findmydevice.spot.locationreporting.LocationReportUploadGmsTaskService.ACTION_TASK_READY dat=chimera-action: cmp=com.google.android.gms/.chimera.PersistentInternalBoundBrokerService }
10-29 12:49:48.875  2826  2826 D BoundBrokerSvc: Loading bound service for intent: Intent { act=com.google.android.gms.findmydevice.spot.locationreporting.LocationReportUploadGmsTaskService.ACTION_TASK_READY dat=chimera-action: cmp=com.google.android.gms/.chimera.PersistentInternalBoundBrokerService }
10-29 12:49:48.890  2826  2826 D BoundBrokerSvc: onUnbind: Intent { act=com.google.android.gms.findmydevice.spot.locationreporting.LocationReportUploadGmsTaskService.ACTION_TASK_READY dat=chimera-action: cmp=com.google.android.gms/.chimera.PersistentInternalBoundBrokerService }
10-29 12:49:48.903  1539  2592 V AlarmManager: set(PendingIntent{96c9d9: PendingIntentRecord{7d745a com.google.android.gms broadcastIntent}}) : type=3 when=49418667whenElapsed49418667maxWhen =49643586 win=224919 interval=0 flags=0x0 pkg = com.google.android.gms
10-29 12:49:53.040 17356 17356 W FileManager::BaseActivity: mChangedReceiver onReceive action = android.intent.action.BATTERY_CHANGED
10-29 12:49:53.040 17356 17356 W FileManager::BaseActivity: mChangedReceiver onReceive action = android.intent.action.BATTERY_CHANGED
10-29 12:49:58.920  1539  1539 D OppoBaseBatteryService: send broadcast : oppo.intent.action.BATTERY_DATA_UPDATE
10-29 12:49:58.929 17356 17356 W FileManager::BaseActivity: mChangedReceiver onReceive action = android.intent.action.BATTERY_CHANGED
10-29 12:49:58.929 17356 17356 W FileManager::BaseActivity: mChangedReceiver onReceive action = android.intent.action.BATTERY_CHANGED
10-29 12:50:05.070 17356 17356 W FileManager::BaseActivity: mChangedReceiver onReceive action = android.intent.action.BATTERY_CHANGED
10-29 12:50:05.070 17356 17356 W FileManager::BaseActivity: mChangedReceiver onReceive action = android.intent.action.BATTERY_CHANGED
10-29 12:50:10.961 17356 17356 W FileManager::BaseActivity: mChangedReceiver onReceive action = android.intent.action.BATTERY_CHANGED
10-29 12:50:10.963 17356 17356 W FileManager::BaseActivity: mChangedReceiver onReceive action = android.intent.action.BATTERY_CHANGED
10-29 12:50:12.968 21056 21072 W ColorExSystemServiceHelper: checkColorExSystemService intent getComponent is null
10-29 12:50:13.880  1539  1578 W BroadcastQueue: Background execution not allowed: receiving Intent { act=android.intent.action.DROPBOX_ENTRY_ADDED flg=0x10 (has extras) } to com.google.android.gms/.stats.service.DropBoxEntryAddedReceiver
10-29 12:50:17.103 17356 17356 W FileManager::BaseActivity: mChangedReceiver onReceive action = android.intent.action.BATTERY_CHANGED
10-29 12:50:17.103 17356 17356 W FileManager::BaseActivity: mChangedReceiver onReceive action = android.intent.action.BATTERY_CHANGED
10-29 12:50:22.983  1539  1539 D OppoBaseBatteryService: send broadcast : oppo.intent.action.BATTERY_DATA_UPDATE
10-29 12:50:22.992 17356 17356 W FileManager::BaseActivity: mChangedReceiver onReceive action = android.intent.action.BATTERY_CHANGED
10-29 12:50:22.993 17356 17356 W FileManager::BaseActivity: mChangedReceiver onReceive action = android.intent.action.BATTERY_CHANGED
10-29 12:50:35.023 17356 17356 W FileManager::BaseActivity: mChangedReceiver onReceive action = android.intent.action.BATTERY_CHANGED
10-29 12:50:35.023 17356 17356 W FileManager::BaseActivity: mChangedReceiver onReceive action = android.intent.action.BATTERY_CHANGED
10-29 12:50:40.902  1539  1539 D OppoBaseBatteryService: send broadcast : oppo.intent.action.BATTERY_DATA_UPDATE
10-29 12:50:40.911 17356 17356 W FileManager::BaseActivity: mChangedReceiver onReceive action = android.intent.action.BATTERY_CHANGED
10-29 12:50:40.911 17356 17356 W FileManager::BaseActivity: mChangedReceiver onReceive action = android.intent.action.BATTERY_CHANGED
10-29 12:50:47.055 17356 17356 W FileManager::BaseActivity: mChangedReceiver onReceive action = android.intent.action.BATTERY_CHANGED
10-29 12:50:47.055 17356 17356 W FileManager::BaseActivity: mChangedReceiver onReceive action = android.intent.action.BATTERY_CHANGED
10-29 12:50:50.208  1539  4736 I ActivityTaskManager: START u0 {act=android.intent.action.MAIN cat=[android.intent.category.LAUNCHER] cmp=com.llamalab.automate/.FlowListActivity} from uid 10265 and from pid 10184
10-29 12:50:50.376 30851 30955 W ColorExSystemServiceHelper: checkColorExSystemService intent getComponent is null
10-29 12:50:52.944 17356 17356 W FileManager::BaseActivity: mChangedReceiver onReceive action = android.intent.action.BATTERY_CHANGED
10-29 12:50:52.944 17356 17356 W FileManager::BaseActivity: mChangedReceiver onReceive action = android.intent.action.BATTERY_CHANGED
10-29 12:50:59.080 17356 17356 W FileManager::BaseActivity: mChangedReceiver onReceive action = android.intent.action.BATTERY_CHANGED
10-29 12:50:59.080 17356 17356 W FileManager::BaseActivity: mChangedReceiver onReceive action = android.intent.action.BATTERY_CHANGED
10-29 12:51:04.967 17356 17356 W FileManager::BaseActivity: mChangedReceiver onReceive action = android.intent.action.BATTERY_CHANGED
10-29 12:51:04.967 17356 17356 W FileManager::BaseActivity: mChangedReceiver onReceive action = android.intent.action.BATTERY_CHANGED
10-29 12:51:11.112 17356 17356 W FileManager::BaseActivity: mChangedReceiver onReceive action = android.intent.action.BATTERY_CHANGED
10-29 12:51:11.112 17356 17356 W FileManager::BaseActivity: mChangedReceiver onReceive action = android.intent.action.BATTERY_CHANGED
10-29 12:51:17.004 17356 17356 W FileManager::BaseActivity: mChangedReceiver onReceive action = android.intent.action.BATTERY_CHANGED
10-29 12:51:17.005 17356 17356 W FileManager::BaseActivity: mChangedReceiver onReceive action = android.intent.action.BATTERY_CHANGED
10-29 12:51:18.380  1539  2586 I ActivityTaskManager: START u0 {act=android.intent.action.MAIN cat=[android.intent.category.LAUNCHER] cmp=com.llamalab.automate/.FlowListActivity} from uid 10265 and from pid 10184
10-29 12:51:21.417  1539  2586 I ActivityTaskManager: START u0 {act=android.intent.action.VIEW dat=content://com.llamalab.automate.provider/flows/8 cmp=com.llamalab.automate/.FlowDetailsActivity mCallingUid=10265} from uid 10265 and from pid 10184
10-29 12:51:21.529 30851 30946 W ColorExSystemServiceHelper: checkColorExSystemService intent getComponent is null
10-29 12:51:21.549 30851 30946 W ColorExSystemServiceHelper: checkColorExSystemService intent getComponent is null
10-29 12:51:22.886  1539  1539 D OppoBaseBatteryService: send broadcast : oppo.intent.action.BATTERY_DATA_UPDATE
10-29 12:51:22.894 17356 17356 W FileManager::BaseActivity: mChangedReceiver onReceive action = android.intent.action.BATTERY_CHANGED
10-29 12:51:22.895 17356 17356 W FileManager::BaseActivity: mChangedReceiver onReceive action = android.intent.action.BATTERY_CHANGED
10-29 12:51:29.040 17356 17356 W FileManager::BaseActivity: mChangedReceiver onReceive action = android.intent.action.BATTERY_CHANGED
10-29 12:51:29.040 17356 17356 W FileManager::BaseActivity: mChangedReceiver onReceive action = android.intent.action.BATTERY_CHANGED
10-29 12:51:29.624  1539  3228 V AlarmManager: set(PendingIntent{e7b6972: PendingIntentRecord{4d8d1c3 com.google.android.gms startService}}) : type=3 when=315409219495whenElapsed315409219495maxWhen =551929219494 win=236519999999 interval=0 flags=0x8 pkg = com.google.android.gms
10-29 12:51:29.630  2826  2826 D BoundBrokerSvc: onRebind: Intent { act=com.google.android.gms.auth.aang.events.services.START dat=chimera-action: cmp=com.google.android.gms/.chimera.PersistentApiService }
10-29 12:51:30.631  2826  2826 D BoundBrokerSvc: onRebind: Intent { act=com.google.android.gms.libs.gmscorelogger.service.START dat=chimera-action: cmp=com.google.android.gms/.chimera.PersistentDirectBootAwareApiService }
10-29 12:51:34.917  1539  1539 D OppoBaseBatteryService: send broadcast : oppo.intent.action.BATTERY_DATA_UPDATE
10-29 12:51:34.926 17356 17356 W FileManager::BaseActivity: mChangedReceiver onReceive action = android.intent.action.BATTERY_CHANGED
10-29 12:51:34.926 17356 17356 W FileManager::BaseActivity: mChangedReceiver onReceive action = android.intent.action.BATTERY_CHANGED
10-29 12:51:36.197  2826  2826 D BoundBrokerSvc: onRebind: Intent { act=com.google.android.gms.common.telemetry.service.START dat=chimera-action: cmp=com.google.android.gms/.chimera.PersistentApiService }
10-29 12:51:37.343  1539  2586 V AlarmManager: set(PendingIntent{e9f469c: PendingIntentRecord{9fcc8a5 com.google.android.gms broadcastIntent}}) : type=3 when=49227212whenElapsed49232216maxWhen =49232216 win=0 